Archive member included to satisfy reference by file (symbol)

/usr/lib/gcc/arm-none-eabi/13.2.1/thumb/v6-m/nofp/libgcc.a(_dvmd_tls.o)
                              CMakeFiles/temp_alert.dir/home/kishan/pico/pico-sdk/src/rp2_common/pico_divider/divider_hardware.S.o (__aeabi_idiv0)
/usr/lib/gcc/arm-none-eabi/13.2.1/../../../arm-none-eabi/lib/thumb/v6-m/nofp/libg.a(libc_a-fflush.o)
                              CMakeFiles/temp_alert.dir/main.c.o (fflush)
/usr/lib/gcc/arm-none-eabi/13.2.1/../../../arm-none-eabi/lib/thumb/v6-m/nofp/libg.a(libc_a-calloc.o)
                              CMakeFiles/temp_alert.dir/home/kishan/pico/pico-sdk/src/rp2_common/pico_malloc/malloc.c.o (calloc)
/usr/lib/gcc/arm-none-eabi/13.2.1/../../../arm-none-eabi/lib/thumb/v6-m/nofp/libg.a(libc_a-impure.o)
                              CMakeFiles/temp_alert.dir/main.c.o (_impure_ptr)
/usr/lib/gcc/arm-none-eabi/13.2.1/../../../arm-none-eabi/lib/thumb/v6-m/nofp/libg.a(libc_a-callocr.o)
                              /usr/lib/gcc/arm-none-eabi/13.2.1/../../../arm-none-eabi/lib/thumb/v6-m/nofp/libg.a(libc_a-calloc.o) (_calloc_r)
/usr/lib/gcc/arm-none-eabi/13.2.1/../../../arm-none-eabi/lib/thumb/v6-m/nofp/libg.a(libc_a-realloc.o)
                              CMakeFiles/temp_alert.dir/home/kishan/pico/pico-sdk/src/rp2_common/pico_malloc/malloc.c.o (realloc)
/usr/lib/gcc/arm-none-eabi/13.2.1/../../../arm-none-eabi/lib/thumb/v6-m/nofp/libg.a(libc_a-mallocr.o)
                              /usr/lib/gcc/arm-none-eabi/13.2.1/../../../arm-none-eabi/lib/thumb/v6-m/nofp/libg.a(libc_a-callocr.o) (_malloc_r)
/usr/lib/gcc/arm-none-eabi/13.2.1/../../../arm-none-eabi/lib/thumb/v6-m/nofp/libg.a(libc_a-freer.o)
                              /usr/lib/gcc/arm-none-eabi/13.2.1/../../../arm-none-eabi/lib/thumb/v6-m/nofp/libg.a(libc_a-fflush.o) (_free_r)
/usr/lib/gcc/arm-none-eabi/13.2.1/../../../arm-none-eabi/lib/thumb/v6-m/nofp/libg.a(libc_a-memcmp.o)
                              CMakeFiles/temp_alert.dir/home/kishan/pico/pico-sdk/src/rp2_common/pico_atomic/atomic.c.o (memcmp)
/usr/lib/gcc/arm-none-eabi/13.2.1/../../../arm-none-eabi/lib/thumb/v6-m/nofp/libg.a(libc_a-malloc.o)
                              CMakeFiles/temp_alert.dir/home/kishan/pico/pico-sdk/src/rp2_common/pico_malloc/malloc.c.o (malloc)
/usr/lib/gcc/arm-none-eabi/13.2.1/../../../arm-none-eabi/lib/thumb/v6-m/nofp/libg.a(libc_a-sysconf.o)
                              /usr/lib/gcc/arm-none-eabi/13.2.1/../../../arm-none-eabi/lib/thumb/v6-m/nofp/libg.a(libc_a-mallocr.o) (sysconf)
/usr/lib/gcc/arm-none-eabi/13.2.1/../../../arm-none-eabi/lib/thumb/v6-m/nofp/libg.a(libc_a-init.o)
                              /usr/lib/gcc/arm-none-eabi/13.2.1/../../../arm-none-eabi/lib/thumb/v6-m/nofp/crt0.o (__libc_init_array)
/usr/lib/gcc/arm-none-eabi/13.2.1/../../../arm-none-eabi/lib/thumb/v6-m/nofp/libg.a(libc_a-reallocr.o)
                              /usr/lib/gcc/arm-none-eabi/13.2.1/../../../arm-none-eabi/lib/thumb/v6-m/nofp/libg.a(libc_a-realloc.o) (_realloc_r)
/usr/lib/gcc/arm-none-eabi/13.2.1/../../../arm-none-eabi/lib/thumb/v6-m/nofp/libg.a(libc_a-mktime.o)
                              CMakeFiles/temp_alert.dir/home/kishan/pico/pico-sdk/src/common/pico_util/datetime.c.o (mktime)
/usr/lib/gcc/arm-none-eabi/13.2.1/../../../arm-none-eabi/lib/thumb/v6-m/nofp/libg.a(libc_a-mlock.o)
                              /usr/lib/gcc/arm-none-eabi/13.2.1/../../../arm-none-eabi/lib/thumb/v6-m/nofp/libg.a(libc_a-mallocr.o) (__malloc_lock)
/usr/lib/gcc/arm-none-eabi/13.2.1/../../../arm-none-eabi/lib/thumb/v6-m/nofp/libg.a(libc_a-findfp.o)
                              /usr/lib/gcc/arm-none-eabi/13.2.1/../../../arm-none-eabi/lib/thumb/v6-m/nofp/libg.a(libc_a-impure.o) (__sf)
/usr/lib/gcc/arm-none-eabi/13.2.1/../../../arm-none-eabi/lib/thumb/v6-m/nofp/libg.a(libc_a-tzlock.o)
                              /usr/lib/gcc/arm-none-eabi/13.2.1/../../../arm-none-eabi/lib/thumb/v6-m/nofp/libg.a(libc_a-mktime.o) (__tz_lock)
/usr/lib/gcc/arm-none-eabi/13.2.1/../../../arm-none-eabi/lib/thumb/v6-m/nofp/libg.a(libc_a-atexit.o)
                              /usr/lib/gcc/arm-none-eabi/13.2.1/../../../arm-none-eabi/lib/thumb/v6-m/nofp/crt0.o (atexit)
/usr/lib/gcc/arm-none-eabi/13.2.1/../../../arm-none-eabi/lib/thumb/v6-m/nofp/libg.a(libc_a-lcltime_r.o)
                              CMakeFiles/temp_alert.dir/home/kishan/pico/pico-sdk/src/common/pico_util/datetime.c.o (localtime_r)
/usr/lib/gcc/arm-none-eabi/13.2.1/../../../arm-none-eabi/lib/thumb/v6-m/nofp/libg.a(libc_a-strlen-stub.o)
                              CMakeFiles/temp_alert.dir/home/kishan/pico/pico-sdk/src/rp2_common/pico_stdio/stdio.c.o (strlen)
/usr/lib/gcc/arm-none-eabi/13.2.1/../../../arm-none-eabi/lib/thumb/v6-m/nofp/libg.a(libc_a-sbrkr.o)
                              /usr/lib/gcc/arm-none-eabi/13.2.1/../../../arm-none-eabi/lib/thumb/v6-m/nofp/libg.a(libc_a-mallocr.o) (_sbrk_r)
[...]
Memory Configuration

Name             Origin             Length             Attributes
FLASH            0x10000000         0x00200000         xr
RAM              0x20000000         0x00040000         xrw
SCRATCH_X        0x20040000         0x00001000         xrw
SCRATCH_Y        0x20041000         0x00001000         xrw
*default*        0x00000000         0xffffffff

Linker script and memory map

LOAD /usr/lib/gcc/arm-none-eabi/13.2.1/thumb/v6-m/nofp/crti.o
LOAD /usr/lib/gcc/arm-none-eabi/13.2.1/thumb/v6-m/nofp/crtbegin.o
LOAD /usr/lib/gcc/arm-none-eabi/13.2.1/../../../arm-none-eabi/lib/thumb/v6-m/nofp/crt0.o

.flash_begin    0x10000000        0x0
                0x10000000                        __flash_binary_start = .

.boot2          0x10000000      0x100
                0x10000000                        __boot2_start__ = .
 *(.boot2)
 .boot2         0x10000000      0x100 pico-sdk/src/rp2040/boot_stage2/CMakeFiles/bs2_default_library.dir/bs2_default_padded_checksummed.S.o
                0x10000100                        __boot2_end__ = .
                0x00000001                        ASSERT (((__boot2_end__ - __boot2_start__) == 0x100), ERROR: Pico second stage bootloader must be 256 bytes in size)

.text           0x10000100     0x53dc
                0x10000100                        __logical_binary_start = .
 *(.vectors)
 .vectors       0x10000100       0xd4 CMakeFiles/temp_alert.dir/home/kishan/pico/pico-sdk/src/rp2_common/pico_crt0/crt0.S.o
                0x10000100                __vectors
                0x10000100                __VECTOR_TABLE
                0x100001c0                isr_irq30
                0x100001c0                __unhandled_user_irq
                0x100001c0                isr_irq13
                0x100001c0                isr_irq27
                0x100001c0                isr_irq31
                0x100001c0                isr_irq5
                0x100001c0                isr_irq11
                0x100001c0                isr_irq23
                0x100001c0                isr_irq18
                0x100001c0                isr_irq28
                0x100001c0                isr_irq19
                0x100001c0                isr_irq0
                0x100001c0                isr_irq6
                0x100001c0                isr_irq22
                0x100001c0                isr_irq17
                0x100001c0                isr_irq14
                0x100001c0                __vectors_end
                0x100001c0                __default_isrs_start
                0x100001c0                isr_irq2
                0x100001c0                isr_irq10
                0x100001c0                isr_irq8
                0x100001c0                isr_irq24
                0x100001c0                isr_irq1
                0x100001c0                isr_irq7
                0x100001c0                isr_irq21
                0x100001c0                isr_irq20
                0x100001c0                isr_irq15
                0x100001c0                isr_irq25
                0x100001c0                isr_irq4
                0x100001c0                isr_irq16
                0x100001c0                isr_irq29
                0x100001c0                isr_irq26
                0x100001c0                isr_irq3
                0x100001c0                isr_irq12
                0x100001c0                isr_irq9
                0x100001c6                unhandled_user_irq_num_in_r0
                0x100001c8                isr_invalid
                0x100001ca                isr_nmi
                0x100001cc                isr_hardfault
                0x100001ce                isr_svcall
                0x100001d0                isr_pendsv
                0x100001d2                isr_systick
                0x100001d4                __default_isrs_end
 *(.binary_info_header)
 .binary_info_header
                0x100001d4       0x14 CMakeFiles/temp_alert.dir/home/kishan/pico/pico-sdk/src/rp2_common/pico_crt0/crt0.S.o
                0x100001e8                        __binary_info_header_end = .
 *(.embedded_block)
                0x100001e8                        __embedded_block_end = .
 *(.reset)
 .reset         0x100001e8       0x9c CMakeFiles/temp_alert.dir/home/kishan/pico/pico-sdk/src/rp2_common/pico_crt0/crt0.S.o
                0x100001e8                _entry_point
 *(.init)
 .init          0x10000284        0x4 /usr/lib/gcc/arm-none-eabi/13.2.1/thumb/v6-m/nofp/crti.o
                0x10000284                _init
 *(EXCLUDE_FILE(*libm.a: *libc.a:*lib_a-mem*.o *libgcc.a:) .text*)
 .text          0x10000288       0x98 /usr/lib/gcc/arm-none-eabi/13.2.1/thumb/v6-m/nofp/crtbegin.o
 .text.startup.main
                0x10000320       0xd4 CMakeFiles/temp_alert.dir/main.c.o
                0x10000320                main
 .text.gpio_set_function
                0x100003f4       0x34 CMakeFiles/temp_alert.dir/home/kishan/pico/pico-sdk/src/rp2_common/hardware_gpio/gpio.c.o
                0x100003f4                gpio_set_function
 .text.panic    0x10000428       0x30 CMakeFiles/temp_alert.dir/home/kishan/pico/pico-sdk/src/rp2_common/pico_platform_panic/panic.c.o
                0x10000428                panic
 .text.hw_claim_or_assert
                0x10000458       0x44 CMakeFiles/temp_alert.dir/home/kishan/pico/pico-sdk/src/common/hardware_claim/claim.c.o
                0x10000458                hw_claim_or_assert
 .text.next_striped_spin_lock_num
                0x1000049c       0x18 CMakeFiles/temp_alert.dir/home/kishan/pico/pico-sdk/src/rp2_common/hardware_sync/sync.c.o
                0x1000049c                next_striped_spin_lock_num
 .text.spin_locks_reset
                0x100004b4       0x1c CMakeFiles/temp_alert.dir/home/kishan/pico/pico-sdk/src/rp2_common/hardware_sync_spin_lock/sync_spin_lock.c.o
                0x100004b4                spin_locks_reset
 .text.runtime_init_per_core_irq_priorities
                0x100004d0       0x24 CMakeFiles/temp_alert.dir/home/kishan/pico/pico-sdk/src/rp2_common/hardware_irq/irq.c.o
                0x100004d0                runtime_init_per_core_irq_priorities
 .text.irq_set_enabled
                0x100004f4       0x24 CMakeFiles/temp_alert.dir/home/kishan/pico/pico-sdk/src/rp2_common/hardware_irq/irq.c.o
                0x100004f4                irq_set_enabled
 .text.irq_set_exclusive_handler
                0x10000518       0x54 CMakeFiles/temp_alert.dir/home/kishan/pico/pico-sdk/src/rp2_common/hardware_irq/irq.c.o
                0x10000518                irq_set_exclusive_handler
 .text.irq_remove_handler
                0x1000056c      0x1d4 CMakeFiles/temp_alert.dir/home/kishan/pico/pico-sdk/src/rp2_common/hardware_irq/irq.c.o
                0x1000056c                irq_remove_handler
 .text.irq_add_tail_to_free_list
                0x10000740       0xb4 CMakeFiles/temp_alert.dir/home/kishan/pico/pico-sdk/src/rp2_common/hardware_irq/irq.c.o
                0x10000740                irq_add_tail_to_free_list
 .text.lock_init
                0x100007f4       0x10 CMakeFiles/temp_alert.dir/home/kishan/pico/pico-sdk/src/common/pico_sync/lock_core.c.o
                0x100007f4                lock_init
 .text.runtime_init_mutex
                0x10000804       0x50 CMakeFiles/temp_alert.dir/home/kishan/pico/pico-sdk/src/common/pico_sync/mutex.c.o
                0x10000804                runtime_init_mutex
 .text.sleep_until_callback
                0x10000854       0x30 CMakeFiles/temp_alert.dir/home/kishan/pico/pico-sdk/src/common/pico_time/time.c.o
 .text.alarm_pool_irq_handler
                0x10000884      0x2fc CMakeFiles/temp_alert.dir/home/kishan/pico/pico-sdk/src/common/pico_time/time.c.o
 .text.runtime_init_default_alarm_pool
                0x10000b80       0xdc CMakeFiles/temp_alert.dir/home/kishan/pico/pico-sdk/src/common/pico_time/time.c.o
                0x10000b80                runtime_init_default_alarm_pool
 .text.alarm_pool_add_alarm_at_force_in_context
                0x10000c5c       0xb0 CMakeFiles/temp_alert.dir/home/kishan/pico/pico-sdk/src/common/pico_time/time.c.o
                0x10000c5c                alarm_pool_add_alarm_at_force_in_context
 .text.alarm_pool_cancel_alarm
                0x10000d0c       0x74 CMakeFiles/temp_alert.dir/home/kishan/pico/pico-sdk/src/common/pico_time/time.c.o
                0x10000d0c                alarm_pool_cancel_alarm
 .text.sleep_until
                0x10000d80       0xd8 CMakeFiles/temp_alert.dir/home/kishan/pico/pico-sdk/src/common/pico_time/time.c.o
                0x10000d80                sleep_until
 .text.sleep_ms
                0x10000e58       0x38 CMakeFiles/temp_alert.dir/home/kishan/pico/pico-sdk/src/common/pico_time/time.c.o
                0x10000e58                sleep_ms
 .text.best_effort_wfe_or_timeout
                0x10000e90       0xf8 CMakeFiles/temp_alert.dir/home/kishan/pico/pico-sdk/src/common/pico_time/time.c.o
                0x10000e90                best_effort_wfe_or_timeout
 .text.timer_hardware_alarm_claim
                0x10000f88       0x14 CMakeFiles/temp_alert.dir/home/kishan/pico/pico-sdk/src/rp2_common/hardware_timer/timer.c.o
                0x10000f88                timer_hardware_alarm_claim
 .text.timer_time_us_64
                0x10000f9c       0x10 CMakeFiles/temp_alert.dir/home/kishan/pico/pico-sdk/src/rp2_common/hardware_timer/timer.c.o
                0x10000f9c                timer_time_us_64
 .text.time_us_64
                0x10000fac       0x14 CMakeFiles/temp_alert.dir/home/kishan/pico/pico-sdk/src/rp2_common/hardware_timer/timer.c.o
                0x10000fac                time_us_64
 .text.busy_wait_us
                0x10000fc0       0x68 CMakeFiles/temp_alert.dir/home/kishan/pico/pico-sdk/src/rp2_common/hardware_timer/timer.c.o
                0x10000fc0                busy_wait_us
 .text.busy_wait_until
                0x10001028       0x20 CMakeFiles/temp_alert.dir/home/kishan/pico/pico-sdk/src/rp2_common/hardware_timer/timer.c.o
                0x10001028                busy_wait_until
 .text.uart_init
                0x10001048      0x120 CMakeFiles/temp_alert.dir/home/kishan/pico/pico-sdk/src/rp2_common/hardware_uart/uart.c.o
                0x10001048                uart_init
 .text.clock_configure_int_divider
                0x10001168       0xf4 CMakeFiles/temp_alert.dir/home/kishan/pico/pico-sdk/src/rp2_common/hardware_clocks/clocks.c.o
                0x10001168                clock_configure_int_divider
 .text.clock_configure_undivided
                0x1000125c       0xe8 CMakeFiles/temp_alert.dir/home/kishan/pico/pico-sdk/src/rp2_common/hardware_clocks/clocks.c.o
                0x1000125c                clock_configure_undivided
 .text.clock_get_hz
                0x10001344        0xc CMakeFiles/temp_alert.dir/home/kishan/pico/pico-sdk/src/rp2_common/hardware_clocks/clocks.c.o
                0x10001344                clock_get_hz
 .text.pll_init
                0x10001350       0xa4 CMakeFiles/temp_alert.dir/home/kishan/pico/pico-sdk/src/rp2_common/hardware_pll/pll.c.o
                0x10001350                pll_init
 .text.tick_start
                0x100013f4       0x10 CMakeFiles/temp_alert.dir/home/kishan/pico/pico-sdk/src/rp2_common/hardware_ticks/ticks.c.o
                0x100013f4                tick_start
 .text.rom_func_lookup
                0x10001404       0x10 CMakeFiles/temp_alert.dir/home/kishan/pico/pico-sdk/src/rp2_common/pico_bootrom/bootrom.c.o
                0x10001404                rom_func_lookup
 .text.rom_data_lookup
                0x10001414       0x10 CMakeFiles/temp_alert.dir/home/kishan/pico/pico-sdk/src/rp2_common/pico_bootrom/bootrom.c.o
                0x10001414                rom_data_lookup
 .text.rom_funcs_lookup
                0x10001424       0x44 CMakeFiles/temp_alert.dir/home/kishan/pico/pico-sdk/src/rp2_common/pico_bootrom/bootrom.c.o
                0x10001424                rom_funcs_lookup
 .text.xosc_init
                0x10001468       0x28 CMakeFiles/temp_alert.dir/home/kishan/pico/pico-sdk/src/rp2_common/hardware_xosc/xosc.c.o
                0x10001468                xosc_init
 .text.first_per_core_initializer
                0x10001490        0x4 CMakeFiles/temp_alert.dir/home/kishan/pico/pico-sdk/src/rp2_common/pico_runtime/runtime.c.o
 .text.hard_assertion_failure
                0x10001494        0xc CMakeFiles/temp_alert.dir/home/kishan/pico/pico-sdk/src/rp2_common/pico_runtime/runtime.c.o
                0x10001494                hard_assertion_failure
 .text.runtime_run_initializers
                0x100014a0       0x28 CMakeFiles/temp_alert.dir/home/kishan/pico/pico-sdk/src/rp2_common/pico_runtime/runtime.c.o
                0x100014a0                runtime_run_initializers
 .text.runtime_init_early_resets
                0x100014c8       0x2c CMakeFiles/temp_alert.dir/home/kishan/pico/pico-sdk/src/rp2_common/pico_runtime_init/runtime_init.c.o
                0x100014c8                runtime_init_early_resets
 .text.runtime_init_usb_power_down
                0x100014f4       0x1c CMakeFiles/temp_alert.dir/home/kishan/pico/pico-sdk/src/rp2_common/pico_runtime_init/runtime_init.c.o
                0x100014f4                runtime_init_usb_power_down
 .text.runtime_init_post_clock_resets
                0x10001510       0x20 CMakeFiles/temp_alert.dir/home/kishan/pico/pico-sdk/src/rp2_common/pico_runtime_init/runtime_init.c.o
                0x10001510                runtime_init_post_clock_resets
 .text.runtime_init_rp2040_gpio_ie_disable
                0x10001530       0x14 CMakeFiles/temp_alert.dir/home/kishan/pico/pico-sdk/src/rp2_common/pico_runtime_init/runtime_init.c.o
                0x10001530                runtime_init_rp2040_gpio_ie_disable
 .text.runtime_init_spin_locks_reset
                0x10001544        0x8 CMakeFiles/temp_alert.dir/home/kishan/pico/pico-sdk/src/rp2_common/pico_runtime_init/runtime_init.c.o
                0x10001544                runtime_init_spin_locks_reset
 .text.runtime_init_install_ram_vector_table
                0x1000154c       0xb4 CMakeFiles/temp_alert.dir/home/kishan/pico/pico-sdk/src/rp2_common/pico_runtime_init/runtime_init.c.o
                0x1000154c                runtime_init_install_ram_vector_table
 .text.runtime_init_clocks
                0x10001600       0xd8 CMakeFiles/temp_alert.dir/home/kishan/pico/pico-sdk/src/rp2_common/pico_runtime_init/runtime_init_clocks.c.o
                0x10001600                runtime_init_clocks
 .text          0x100016d8       0x10 CMakeFiles/temp_alert.dir/home/kishan/pico/pico-sdk/src/rp2_common/pico_bit_ops/bit_ops_aeabi.S.o
 .text.__wrap___aeabi_idiv
                0x100016e8       0x50 CMakeFiles/temp_alert.dir/home/kishan/pico/pico-sdk/src/rp2_common/pico_divider/divider_hardware.S.o
                0x100016e8                __wrap___aeabi_idivmod
                0x100016e8                divmod_s32s32
                0x100016e8                div_s32s32
                0x100016e8                __wrap___aeabi_idiv
                0x100016f0                divmod_s32s32_unsafe
                0x1000171c                divmod_s32s32_savestate
 .text.__wrap___aeabi_uidiv
                0x10001738       0x4c CMakeFiles/temp_alert.dir/home/kishan/pico/pico-sdk/src/rp2_common/pico_divider/divider_hardware.S.o
                0x10001738                __wrap___aeabi_uidiv
                0x10001738                __wrap___aeabi_uidivmod
                0x10001738                div_u32u32
                0x10001738                divmod_u32u32
                0x10001740                divmod_u32u32_unsafe
                0x10001768                divmod_u32u32_savestate
 .text.__wrap___aeabi_ldiv
                0x10001784      0x424 CMakeFiles/temp_alert.dir/home/kishan/pico/pico-sdk/src/rp2_common/pico_divider/divider_hardware.S.o
                0x10001784                div_s64s64
                0x10001784                divmod_s64s64
                0x10001784                __wrap___aeabi_ldivmod
                0x100017b4                div_u64u64
                0x100017b4                divmod_u64u64
                0x100017b4                __wrap___aeabi_uldivmod
                0x100017c4                divmod_u64u64_savestate
                0x100017e4                divmod_s64s64_unsafe
                0x1000186c                divmod_u64u64_unsafe
 .text.__wrap___aeabi_darithmetic
                0x10001ba8       0x80 CMakeFiles/temp_alert.dir/home/kishan/pico/pico-sdk/src/rp2_common/pico_double/double_aeabi_rp2040.S.o
                0x10001ba8                __wrap___aeabi_drsub
                0x10001bae                __wrap___aeabi_dsub
                0x10001bc0                __wrap___aeabi_dadd
                0x10001bd2                __wrap___aeabi_ddiv
                0x10001c0e                __wrap___aeabi_dmul
 .text.__wrap___aeabi_cdcmple
                0x10001c28       0x6c CMakeFiles/temp_alert.dir/home/kishan/pico/pico-sdk/src/rp2_common/pico_double/double_aeabi_rp2040.S.o
                0x10001c28                __wrap___aeabi_cdrcmple
                0x10001c38                __wrap___aeabi_cdcmple
                0x10001c38                __wrap___aeabi_cdcmpeq
 .text.__wrap___aeabi_dcmplt
                0x10001c94        0xc CMakeFiles/temp_alert.dir/home/kishan/pico/pico-sdk/src/rp2_common/pico_double/double_aeabi_rp2040.S.o
                0x10001c94                __wrap___aeabi_dcmplt
 .text.__wrap___aeabi_dcmpge
                0x10001ca0       0x10 CMakeFiles/temp_alert.dir/home/kishan/pico/pico-sdk/src/rp2_common/pico_double/double_aeabi_rp2040.S.o
                0x10001ca0                __wrap___aeabi_dcmpge
 .text.__wrap___aeabi_dcmpgt
                0x10001cb0        0xa CMakeFiles/temp_alert.dir/home/kishan/pico/pico-sdk/src/rp2_common/pico_double/double_aeabi_rp2040.S.o
                0x10001cb0                __wrap___aeabi_dcmpgt
 .text.__wrap___aeabi_dcmpun
                0x10001cba       0x18 CMakeFiles/temp_alert.dir/home/kishan/pico/pico-sdk/src/rp2_common/pico_double/double_aeabi_rp2040.S.o
                0x10001cba                __wrap___aeabi_dcmpun
 *fill*         0x10001cd2        0x2 
 .text.__wrap___aeabi_i2d
                0x10001cd4       0x38 CMakeFiles/temp_alert.dir/home/kishan/pico/pico-sdk/src/rp2_common/pico_double/double_aeabi_rp2040.S.o
                0x10001cd4                __wrap___aeabi_ui2d
                0x10001cd4                uint2double
                0x10001cdc                __wrap___aeabi_i2d
                0x10001cdc                int2double
 .text.__wrap___aeabi_d2iz
                0x10001d0c       0x48 CMakeFiles/temp_alert.dir/home/kishan/pico/pico-sdk/src/rp2_common/pico_double/double_aeabi_rp2040.S.o
                0x10001d0c                __wrap___aeabi_d2iz
                0x10001d0c                double2int_z
 .text.__wrap___aeabi_d2uiz
                0x10001d54       0x18 CMakeFiles/temp_alert.dir/home/kishan/pico/pico-sdk/src/rp2_common/pico_double/double_aeabi_rp2040.S.o
                0x10001d54                double2uint_z
                0x10001d54                double2uint
                0x10001d54                __wrap___aeabi_d2uiz
 .text.__aeabi_double_init
                0x10001d6c       0xa4 CMakeFiles/temp_alert.dir/home/kishan/pico/pico-sdk/src/rp2_common/pico_double/double_init_rom_rp2040.c.o
                0x10001d6c                __aeabi_double_init
 .text.double_table_shim_on_use_helper
                0x10001e10       0x2c CMakeFiles/temp_alert.dir/home/kishan/pico/pico-sdk/src/rp2_common/pico_double/double_v1_rom_shim_rp2040.S.o
                0x10001e10                double_table_shim_on_use_helper
 .text.__wrap___aeabi_dsub
                0x10001e3c       0x10 CMakeFiles/temp_alert.dir/home/kishan/pico/pico-sdk/src/rp2_common/pico_double/double_v1_rom_shim_rp2040.S.o
                0x10001e3c                drsub_shim
                0x10001e42                dsub_shim
 .text.dadd_shim
                0x10001e4c      0x15c CMakeFiles/temp_alert.dir/home/kishan/pico/pico-sdk/src/rp2_common/pico_double/double_v1_rom_shim_rp2040.S.o
                0x10001e4c                dadd_shim
 .text.dmul_shim
                0x10001fa8      0x15c CMakeFiles/temp_alert.dir/home/kishan/pico/pico-sdk/src/rp2_common/pico_double/double_v1_rom_shim_rp2040.S.o
                0x10001fa8                dmul_shim
 .text.ddiv_shim
                0x10002104      0x1b0 CMakeFiles/temp_alert.dir/home/kishan/pico/pico-sdk/src/rp2_common/pico_double/double_v1_rom_shim_rp2040.S.o
                0x10002104                ddiv_shim
 .text.double2uint_shim
                0x100022b4        0xe CMakeFiles/temp_alert.dir/home/kishan/pico/pico-sdk/src/rp2_common/pico_double/double_v1_rom_shim_rp2040.S.o
                0x100022b4                double2uint_shim
                0x100022b6                double2ufix_shim
 *fill*         0x100022c2        0x2 
 .text.double2uint64_shim
                0x100022c4       0x70 CMakeFiles/temp_alert.dir/home/kishan/pico/pico-sdk/src/rp2_common/pico_double/double_v1_rom_shim_rp2040.S.o
                0x100022c4                double2uint64_shim
                0x100022c6                double2ufix64_shim
                0x100022e6                d2fix_a
 .text.dunpacks
                0x10002334       0x3c CMakeFiles/temp_alert.dir/home/kishan/pico/pico-sdk/src/rp2_common/pico_double/double_v1_rom_shim_rp2040.S.o
                0x10002334                dunpacks
 .text.__aeabi_lmul
                0x10002370       0x32 CMakeFiles/temp_alert.dir/home/kishan/pico/pico-sdk/src/rp2_common/pico_int64_ops/pico_int64_ops_aeabi.S.o
                0x10002370                __wrap___aeabi_lmul
 *fill*         0x100023a2        0x2 
 .text.__wrap___aeabi_farithmetic
                0x100023a4       0x48 CMakeFiles/temp_alert.dir/home/kishan/pico/pico-sdk/src/rp2_common/pico_float/float_aeabi_rp2040.S.o
                0x100023a4                __wrap___aeabi_frsub
                0x100023aa                __wrap___aeabi_fsub
                0x100023b0                __wrap___aeabi_fadd
                0x100023b6                __wrap___aeabi_fdiv
                0x100023de                __wrap___aeabi_fmul
 .text.__wrap___aeabi_cfcmple
                0x100023ec       0x50 CMakeFiles/temp_alert.dir/home/kishan/pico/pico-sdk/src/rp2_common/pico_float/float_aeabi_rp2040.S.o
                0x100023ec                __wrap___aeabi_cfrcmple
                0x100023f8                __wrap___aeabi_cfcmpeq
                0x100023f8                __wrap___aeabi_cfcmple
 .text.__wrap___aeabi_fcmpgt
                0x1000243c        0xa CMakeFiles/temp_alert.dir/home/kishan/pico/pico-sdk/src/rp2_common/pico_float/float_aeabi_rp2040.S.o
                0x1000243c                __wrap___aeabi_fcmpgt
 *fill*         0x10002446        0x2 
 .text.__wrap___aeabi_i2f
                0x10002448       0x44 CMakeFiles/temp_alert.dir/home/kishan/pico/pico-sdk/src/rp2_common/pico_float/float_aeabi_rp2040.S.o
                0x10002448                int2float
                0x10002448                __wrap___aeabi_i2f
 .text.__wrap___aeabi_f2d
                0x1000248c       0x14 CMakeFiles/temp_alert.dir/home/kishan/pico/pico-sdk/src/rp2_common/pico_float/float_aeabi_rp2040.S.o
                0x1000248c                __wrap___aeabi_f2d
 .text.__aeabi_float_init
                0x100024a0       0x64 CMakeFiles/temp_alert.dir/home/kishan/pico/pico-sdk/src/rp2_common/pico_float/float_init_rom_rp2040.c.o
                0x100024a0                __aeabi_float_init
 .text.float_table_shim_on_use_helper
                0x10002504       0x2c CMakeFiles/temp_alert.dir/home/kishan/pico/pico-sdk/src/rp2_common/pico_float/float_v1_rom_shim_rp2040.S.o
                0x10002504                float_table_shim_on_use_helper
 .text.float2double_shim
                0x10002530       0x30 CMakeFiles/temp_alert.dir/home/kishan/pico/pico-sdk/src/rp2_common/pico_float/float_v1_rom_shim_rp2040.S.o
                0x10002530                float2double_shim
 .text          0x10002560       0x10 CMakeFiles/temp_alert.dir/home/kishan/pico/pico-sdk/src/rp2_common/pico_mem_ops/mem_ops_aeabi.S.o
                0x10002560                __aeabi_mem_init
 .text.memset   0x10002570        0xc CMakeFiles/temp_alert.dir/home/kishan/pico/pico-sdk/src/rp2_common/pico_mem_ops/mem_ops_aeabi.S.o
                0x10002570                __wrap_memset
 .text.memcpy   0x1000257c        0xc CMakeFiles/temp_alert.dir/home/kishan/pico/pico-sdk/src/rp2_common/pico_mem_ops/mem_ops_aeabi.S.o
                0x1000257c                __wrap___aeabi_memcpy
                0x1000257c                __wrap_memcpy
 .text._out_null
                0x10002588        0x4 CMakeFiles/temp_alert.dir/home/kishan/pico/pico-sdk/src/rp2_common/pico_printf/printf.c.o
 .text._out_rev
                0x1000258c       0xac CMakeFiles/temp_alert.dir/home/kishan/pico/pico-sdk/src/rp2_common/pico_printf/printf.c.o
 .text._ntoa_format
                0x10002638      0x250 CMakeFiles/temp_alert.dir/home/kishan/pico/pico-sdk/src/rp2_common/pico_printf/printf.c.o
 .text._out_char
                0x10002888       0x10 CMakeFiles/temp_alert.dir/home/kishan/pico/pico-sdk/src/rp2_common/pico_printf/printf.c.o
 .text._out_fct
                0x10002898       0x10 CMakeFiles/temp_alert.dir/home/kishan/pico/pico-sdk/src/rp2_common/pico_printf/printf.c.o
 .text._etoa    0x100028a8      0x464 CMakeFiles/temp_alert.dir/home/kishan/pico/pico-sdk/src/rp2_common/pico_printf/printf.c.o
 .text._ftoa    0x10002d0c      0x3c0 CMakeFiles/temp_alert.dir/home/kishan/pico/pico-sdk/src/rp2_common/pico_printf/printf.c.o
 .text._vsnprintf
                0x100030cc      0xbc8 CMakeFiles/temp_alert.dir/home/kishan/pico/pico-sdk/src/rp2_common/pico_printf/printf.c.o
 .text.vfctprintf
                0x10003c94       0x20 CMakeFiles/temp_alert.dir/home/kishan/pico/pico-sdk/src/rp2_common/pico_printf/printf.c.o
                0x10003c94                vfctprintf
 .text.weak_raw_vprintf
                0x10003cb4       0x30 CMakeFiles/temp_alert.dir/home/kishan/pico/pico-sdk/src/rp2_common/pico_printf/printf.c.o
                0x10003cb4                weak_raw_vprintf
 .text._exit    0x10003ce4        0x4 CMakeFiles/temp_alert.dir/home/kishan/pico/pico-sdk/src/rp2_common/pico_clib_interface/newlib_interface.c.o
                0x10003ce4                _exit
 .text._sbrk    0x10003ce8       0x34 CMakeFiles/temp_alert.dir/home/kishan/pico/pico-sdk/src/rp2_common/pico_clib_interface/newlib_interface.c.o
                0x10003ce8                _sbrk
 .text._read    0x10003d1c       0x24 CMakeFiles/temp_alert.dir/home/kishan/pico/pico-sdk/src/rp2_common/pico_clib_interface/newlib_interface.c.o
                0x10003d1c                _read
 .text._write   0x10003d40       0x24 CMakeFiles/temp_alert.dir/home/kishan/pico/pico-sdk/src/rp2_common/pico_clib_interface/newlib_interface.c.o
                0x10003d40                _write
 .text._close   0x10003d64        0x8 CMakeFiles/temp_alert.dir/home/kishan/pico/pico-sdk/src/rp2_common/pico_clib_interface/newlib_interface.c.o
                0x10003d64                _close
 .text._lseek   0x10003d6c        0x8 CMakeFiles/temp_alert.dir/home/kishan/pico/pico-sdk/src/rp2_common/pico_clib_interface/newlib_interface.c.o
                0x10003d6c                _lseek
 .text.exit     0x10003d74        0x8 CMakeFiles/temp_alert.dir/home/kishan/pico/pico-sdk/src/rp2_common/pico_clib_interface/newlib_interface.c.o
                0x10003d74                exit
 .text.runtime_init
                0x10003d7c       0x2c CMakeFiles/temp_alert.dir/home/kishan/pico/pico-sdk/src/rp2_common/pico_clib_interface/newlib_interface.c.o
                0x10003d7c                runtime_init
 .text.stdio_out_chars_no_crlf
                0x10003da8       0x10 CMakeFiles/temp_alert.dir/home/kishan/pico/pico-sdk/src/rp2_common/pico_stdio/stdio.c.o
 .text.stdio_out_chars_crlf
                0x10003db8       0x94 CMakeFiles/temp_alert.dir/home/kishan/pico/pico-sdk/src/rp2_common/pico_stdio/stdio.c.o
 .text.stdio_buffered_printer
                0x10003e4c       0x64 CMakeFiles/temp_alert.dir/home/kishan/pico/pico-sdk/src/rp2_common/pico_stdio/stdio.c.o
 .text.stdio_put_string
                0x10003eb0      0x100 CMakeFiles/temp_alert.dir/home/kishan/pico/pico-sdk/src/rp2_common/pico_stdio/stdio.c.o
                0x10003eb0                stdio_put_string
 .text.stdio_get_until
                0x10003fb0       0x84 CMakeFiles/temp_alert.dir/home/kishan/pico/pico-sdk/src/rp2_common/pico_stdio/stdio.c.o
                0x10003fb0                stdio_get_until
 .text.stdio_set_driver_enabled
                0x10004034       0x30 CMakeFiles/temp_alert.dir/home/kishan/pico/pico-sdk/src/rp2_common/pico_stdio/stdio.c.o
                0x10004034                stdio_set_driver_enabled
 .text.stdio_init_all
                0x10004064        0xc CMakeFiles/temp_alert.dir/home/kishan/pico/pico-sdk/src/rp2_common/pico_stdio/stdio.c.o
                0x10004064                stdio_init_all
 .text.__wrap_putchar
                0x10004070       0x98 CMakeFiles/temp_alert.dir/home/kishan/pico/pico-sdk/src/rp2_common/pico_stdio/stdio.c.o
                0x10004070                stdio_putchar
                0x10004070                __wrap_putchar
 .text.__wrap_puts
                0x10004108       0x3c CMakeFiles/temp_alert.dir/home/kishan/pico/pico-sdk/src/rp2_common/pico_stdio/stdio.c.o
                0x10004108                __wrap_puts
                0x10004108                stdio_puts
 .text.__wrap_vprintf
                0x10004144       0xd4 CMakeFiles/temp_alert.dir/home/kishan/pico/pico-sdk/src/rp2_common/pico_stdio/stdio.c.o
                0x10004144                __wrap_vprintf
                0x10004144                stdio_vprintf
 .text.__wrap_printf
                0x10004218       0x18 CMakeFiles/temp_alert.dir/home/kishan/pico/pico-sdk/src/rp2_common/pico_stdio/stdio.c.o
                0x10004218                stdio_printf
                0x10004218                __wrap_printf
 .text.stdio_uart_out_chars
                0x10004230       0x4c CMakeFiles/temp_alert.dir/home/kishan/pico/pico-sdk/src/rp2_common/pico_stdio_uart/stdio_uart.c.o
 .text.stdio_uart_in_chars
                0x1000427c       0x90 CMakeFiles/temp_alert.dir/home/kishan/pico/pico-sdk/src/rp2_common/pico_stdio_uart/stdio_uart.c.o
                0x1000427c                stdio_uart_in_chars
 .text.on_uart_rx
                0x1000430c       0x28 CMakeFiles/temp_alert.dir/home/kishan/pico/pico-sdk/src/rp2_common/pico_stdio_uart/stdio_uart.c.o
 .text.stdio_uart_out_flush
                0x10004334       0x14 CMakeFiles/temp_alert.dir/home/kishan/pico/pico-sdk/src/rp2_common/pico_stdio_uart/stdio_uart.c.o
 .text.stdio_uart_set_chars_available_callback
                0x10004348       0x84 CMakeFiles/temp_alert.dir/home/kishan/pico/pico-sdk/src/rp2_common/pico_stdio_uart/stdio_uart.c.o
 .text.stdio_uart_init
                0x100043cc       0x50 CMakeFiles/temp_alert.dir/home/kishan/pico/pico-sdk/src/rp2_common/pico_stdio_uart/stdio_uart.c.o
                0x100043cc                stdio_uart_init
 .text.adc_init
                0x1000441c       0x38 CMakeFiles/temp_alert.dir/home/kishan/pico/pico-sdk/src/rp2_common/hardware_adc/adc.c.o
                0x1000441c                adc_init
 .text          0x10004454      0x1c4 /usr/lib/gcc/arm-none-eabi/13.2.1/../../../arm-none-eabi/lib/thumb/v6-m/nofp/libg.a(libc_a-fflush.o)
                0x10004454                __sflush_r
                0x1000459c                _fflush_r
                0x100045c8                fflush
 .text          0x10004618      0x5b4 /usr/lib/gcc/arm-none-eabi/13.2.1/../../../arm-none-eabi/lib/thumb/v6-m/nofp/libg.a(libc_a-mallocr.o)
                0x10004618                _malloc_r
 .text          0x10004bcc      0x288 /usr/lib/gcc/arm-none-eabi/13.2.1/../../../arm-none-eabi/lib/thumb/v6-m/nofp/libg.a(libc_a-freer.o)
                0x10004bcc                _malloc_trim_r
                0x10004c80                _free_r
 .text          0x10004e54       0x1c /usr/lib/gcc/arm-none-eabi/13.2.1/../../../arm-none-eabi/lib/thumb/v6-m/nofp/libg.a(libc_a-sysconf.o)
                0x10004e54                sysconf
 .text          0x10004e70        0x8 /usr/lib/gcc/arm-none-eabi/13.2.1/../../../arm-none-eabi/lib/thumb/v6-m/nofp/libg.a(libc_a-mlock.o)
                0x10004e70                __malloc_lock
                0x10004e74                __malloc_unlock
 .text          0x10004e78      0x258 /usr/lib/gcc/arm-none-eabi/13.2.1/../../../arm-none-eabi/lib/thumb/v6-m/nofp/libg.a(libc_a-findfp.o)
                0x10004fd4                __sfp
                0x10005074                __sinit
                0x10005098                __sfp_lock_acquire
                0x1000509c                __sfp_lock_release
                0x100050a0                __fp_lock_all
                0x100050b8                __fp_unlock_all
 .text          0x100050d0       0x10 /usr/lib/gcc/arm-none-eabi/13.2.1/../../../arm-none-eabi/lib/thumb/v6-m/nofp/libg.a(libc_a-atexit.o)
                0x100050d0                atexit
 .text          0x100050e0       0x5c /usr/lib/gcc/arm-none-eabi/13.2.1/../../../arm-none-eabi/lib/thumb/v6-m/nofp/libg.a(libc_a-strlen-stub.o)
                0x100050e0                strlen
 .text          0x1000513c       0x24 /usr/lib/gcc/arm-none-eabi/13.2.1/../../../arm-none-eabi/lib/thumb/v6-m/nofp/libg.a(libc_a-sbrkr.o)
                0x1000513c                _sbrk_r
 .text          0x10005160       0x28 /usr/lib/gcc/arm-none-eabi/13.2.1/../../../arm-none-eabi/lib/thumb/v6-m/nofp/libg.a(libc_a-fini.o)
                0x10005160                __libc_fini_array
 .text          0x10005188       0x44 /usr/lib/gcc/arm-none-eabi/13.2.1/../../../arm-none-eabi/lib/thumb/v6-m/nofp/libg.a(libc_a-fwalk.o)
                0x10005188                _fwalk_sglue
 .text          0x100051cc        0xc /usr/lib/gcc/arm-none-eabi/13.2.1/../../../arm-none-eabi/lib/thumb/v6-m/nofp/libg.a(libc_a-errno.o)
                0x100051cc                __errno
 .text          0x100051d8       0xa4 /usr/lib/gcc/arm-none-eabi/13.2.1/../../../arm-none-eabi/lib/thumb/v6-m/nofp/libg.a(libc_a-fclose.o)
                0x100051d8                _fclose_r
                0x10005268                fclose
 .text          0x1000527c       0xa8 /usr/lib/gcc/arm-none-eabi/13.2.1/../../../arm-none-eabi/lib/thumb/v6-m/nofp/libg.a(libc_a-stdio.o)
                0x1000527c                __sread
                0x100052a4                __seofread
                0x100052a8                __swrite
                0x100052e8                __sseek
                0x10005318                __sclose
 .text          0x10005324       0x78 /usr/lib/gcc/arm-none-eabi/13.2.1/../../../arm-none-eabi/lib/thumb/v6-m/nofp/libg.a(libc_a-__atexit.o)
                0x10005324                __register_exitproc
 .text          0x1000539c       0x28 /usr/lib/gcc/arm-none-eabi/13.2.1/../../../arm-none-eabi/lib/thumb/v6-m/nofp/libg.a(libc_a-writer.o)
                0x1000539c                _write_r
 .text          0x100053c4       0x24 /usr/lib/gcc/arm-none-eabi/13.2.1/../../../arm-none-eabi/lib/thumb/v6-m/nofp/libg.a(libc_a-closer.o)
                0x100053c4                _close_r
 .text          0x100053e8       0x28 /usr/lib/gcc/arm-none-eabi/13.2.1/../../../arm-none-eabi/lib/thumb/v6-m/nofp/libg.a(libc_a-readr.o)
                0x100053e8                _read_r
 .text          0x10005410       0x28 /usr/lib/gcc/arm-none-eabi/13.2.1/../../../arm-none-eabi/lib/thumb/v6-m/nofp/libg.a(libc_a-lseekr.o)
                0x10005410                _lseek_r
 .text.startup  0x10005438       0x18 /usr/lib/gcc/arm-none-eabi/13.2.1/../../../arm-none-eabi/lib/thumb/v6-m/nofp/libg.a(libc_a-__call_atexit.o)
 *(.fini)
 .fini          0x10005450        0x4 /usr/lib/gcc/arm-none-eabi/13.2.1/thumb/v6-m/nofp/crti.o
                0x10005450                _fini
 *fill*         0x10005454        0x4 
 .fini.__stub   0x10005458       0x40 linker stubs
 *crtbegin.o(.ctors)
 *crtbegin?.o(.ctors)
 *(EXCLUDE_FILE(*crtend.o *crtend?.o) .ctors)
 *(SORT_BY_NAME(.ctors.*))
 *(.ctors)
 *crtbegin.o(.dtors)
 *crtbegin?.o(.dtors)
 *(EXCLUDE_FILE(*crtend.o *crtend?.o) .dtors)
 *(SORT_BY_NAME(.dtors.*))
 *(.dtors)
                0x10005498                        . = ALIGN (0x4)
                0x10005498                        PROVIDE (__preinit_array_start = .)
 *(SORT_BY_NAME(.preinit_array.*))
 .preinit_array.00100
                0x10005498        0x4 CMakeFiles/temp_alert.dir/home/kishan/pico/pico-sdk/src/rp2_common/pico_runtime_init/runtime_init.c.o
                0x10005498                __pre_init_runtime_init_early_resets
 .preinit_array.00101
                0x1000549c        0x4 CMakeFiles/temp_alert.dir/home/kishan/pico/pico-sdk/src/rp2_common/pico_runtime_init/runtime_init.c.o
                0x1000549c                __pre_init_runtime_init_usb_power_down
 .preinit_array.00275
                0x100054a0        0x4 CMakeFiles/temp_alert.dir/home/kishan/pico/pico-sdk/src/rp2_common/pico_bit_ops/bit_ops_aeabi.S.o
 .preinit_array.00300
                0x100054a4        0x4 CMakeFiles/temp_alert.dir/home/kishan/pico/pico-sdk/src/rp2_common/pico_mem_ops/mem_ops_aeabi.S.o
 .preinit_array.00350
                0x100054a8        0x4 CMakeFiles/temp_alert.dir/home/kishan/pico/pico-sdk/src/rp2_common/pico_double/double_aeabi_rp2040.S.o
 .preinit_array.00350
                0x100054ac        0x4 CMakeFiles/temp_alert.dir/home/kishan/pico/pico-sdk/src/rp2_common/pico_float/float_aeabi_rp2040.S.o
 .preinit_array.00500
                0x100054b0        0x4 CMakeFiles/temp_alert.dir/home/kishan/pico/pico-sdk/src/rp2_common/pico_runtime_init/runtime_init.c.o
                0x100054b0                __pre_init_runtime_init_clocks
 .preinit_array.00600
                0x100054b4        0x4 CMakeFiles/temp_alert.dir/home/kishan/pico/pico-sdk/src/rp2_common/pico_runtime_init/runtime_init.c.o
                0x100054b4                __pre_init_runtime_init_post_clock_resets
 .preinit_array.00700
                0x100054b8        0x4 CMakeFiles/temp_alert.dir/home/kishan/pico/pico-sdk/src/rp2_common/pico_runtime_init/runtime_init.c.o
                0x100054b8                __pre_init_runtime_init_rp2040_gpio_ie_disable
 .preinit_array.01000
                0x100054bc        0x4 CMakeFiles/temp_alert.dir/home/kishan/pico/pico-sdk/src/rp2_common/pico_runtime_init/runtime_init.c.o
                0x100054bc                __pre_init_runtime_init_spin_locks_reset
 .preinit_array.01100
                0x100054c0        0x4 CMakeFiles/temp_alert.dir/home/kishan/pico/pico-sdk/src/common/pico_sync/mutex.c.o
                0x100054c0                __pre_init_runtime_init_mutex
 .preinit_array.10080
                0x100054c4        0x4 CMakeFiles/temp_alert.dir/home/kishan/pico/pico-sdk/src/rp2_common/pico_runtime_init/runtime_init.c.o
                0x100054c4                __pre_init_runtime_init_install_ram_vector_table
 .preinit_array.11000
                0x100054c8        0x4 CMakeFiles/temp_alert.dir/home/kishan/pico/pico-sdk/src/common/pico_time/time.c.o
                0x100054c8                __pre_init_runtime_init_default_alarm_pool
 .preinit_array.YYYYY
                0x100054cc        0x4 CMakeFiles/temp_alert.dir/home/kishan/pico/pico-sdk/src/rp2_common/pico_runtime/runtime.c.o
                0x100054cc                __pre_init_first_per_core_initializer
 .preinit_array.ZZZZZ.01200
                0x100054d0        0x4 CMakeFiles/temp_alert.dir/home/kishan/pico/pico-sdk/src/rp2_common/hardware_irq/irq.c.o
                0x100054d0                __pre_init_runtime_init_per_core_irq_priorities
 *(.preinit_array)
                0x100054d4                        PROVIDE (__preinit_array_end = .)
                0x100054d4                        . = ALIGN (0x4)
                0x100054d4                        PROVIDE (__init_array_start = .)
 *(SORT_BY_NAME(.init_array.*))
 .init_array.00000
                0x100054d4        0x4 /usr/lib/gcc/arm-none-eabi/13.2.1/../../../arm-none-eabi/lib/thumb/v6-m/nofp/libg.a(libc_a-__call_atexit.o)
 *(.init_array)
 .init_array    0x100054d8        0x4 /usr/lib/gcc/arm-none-eabi/13.2.1/thumb/v6-m/nofp/crtbegin.o
                0x100054dc                        PROVIDE (__init_array_end = .)
                0x100054dc                        . = ALIGN (0x4)
                0x100054dc                        PROVIDE (__fini_array_start = .)
 *(SORT_BY_NAME(.fini_array.*))
 *(.fini_array)
                0x100054dc                        PROVIDE (__fini_array_end = .)
 *(.eh_frame*)
 .eh_frame      0x100054dc        0x0 /usr/lib/gcc/arm-none-eabi/13.2.1/thumb/v6-m/nofp/crtbegin.o
                0x100054dc                        . = ALIGN (0x4)

.glue_7         0x100054dc        0x0
 .glue_7        0x100054dc        0x0 linker stubs

.glue_7t        0x100054dc        0x0
 .glue_7t       0x100054dc        0x0 linker stubs

.vfp11_veneer   0x100054dc        0x0
 .vfp11_veneer  0x100054dc        0x0 linker stubs

.v4_bx          0x100054dc        0x0
 .v4_bx         0x100054dc        0x0 linker stubs

.iplt           0x100054dc        0x0
 .iplt          0x100054dc        0x0 /usr/lib/gcc/arm-none-eabi/13.2.1/thumb/v6-m/nofp/crtbegin.o

.rodata         0x100054e0      0x340
 *(EXCLUDE_FILE(*libm.a: *libc.a:*lib_a-mem*.o *libgcc.a:) .rodata*)
 .rodata.main.str1.4
                0x100054e0       0xd8 CMakeFiles/temp_alert.dir/main.c.o
                                  0xe (size before relaxing)
 .rodata.panic.str1.4
                0x100055b8       0x12 CMakeFiles/temp_alert.dir/home/kishan/pico/pico-sdk/src/rp2_common/pico_platform_panic/panic.c.o
 .rodata.at_the_end_of_time
                0x100055b8        0x8 CMakeFiles/temp_alert.dir/home/kishan/pico/pico-sdk/src/common/pico_time/time.c.o
                0x100055b8                at_the_end_of_time
 .rodata.timer_hardware_alarm_claim.str1.4
                0x100055c0       0x22 CMakeFiles/temp_alert.dir/home/kishan/pico/pico-sdk/src/rp2_common/hardware_timer/timer.c.o
 .rodata.hard_assertion_failure.str1.4
                0x100055c0        0xc CMakeFiles/temp_alert.dir/home/kishan/pico/pico-sdk/src/rp2_common/pico_runtime/runtime.c.o
 .rodata.str1.4
                0x100055c0       0x40 CMakeFiles/temp_alert.dir/home/kishan/pico/pico-sdk/src/rp2_common/pico_standard_binary_info/standard_binary_info.c.o
 .rodata.__bi_84
                0x100055c0        0xc CMakeFiles/temp_alert.dir/home/kishan/pico/pico-sdk/src/rp2_common/pico_standard_binary_info/standard_binary_info.c.o
 .rodata.__bi_78
                0x100055cc        0xc CMakeFiles/temp_alert.dir/home/kishan/pico/pico-sdk/src/rp2_common/pico_standard_binary_info/standard_binary_info.c.o
 .rodata.__bi_54
                0x100055d8        0xc CMakeFiles/temp_alert.dir/home/kishan/pico/pico-sdk/src/rp2_common/pico_standard_binary_info/standard_binary_info.c.o
 .rodata.__bi_48
                0x100055e4        0xc CMakeFiles/temp_alert.dir/home/kishan/pico/pico-sdk/src/rp2_common/pico_standard_binary_info/standard_binary_info.c.o
 .rodata.__bi_42
                0x100055f0        0xc CMakeFiles/temp_alert.dir/home/kishan/pico/pico-sdk/src/rp2_common/pico_standard_binary_info/standard_binary_info.c.o
 .rodata.__bi_34
                0x100055fc        0xc CMakeFiles/temp_alert.dir/home/kishan/pico/pico-sdk/src/rp2_common/pico_standard_binary_info/standard_binary_info.c.o
 .rodata.__bi_26
                0x10005608        0xc CMakeFiles/temp_alert.dir/home/kishan/pico/pico-sdk/src/rp2_common/pico_standard_binary_info/standard_binary_info.c.o
 .rodata._ftoa.str1.4
                0x10005614       0x15 CMakeFiles/temp_alert.dir/home/kishan/pico/pico-sdk/src/rp2_common/pico_printf/printf.c.o
 .rodata._vsnprintf
                0x10005614      0x19c CMakeFiles/temp_alert.dir/home/kishan/pico/pico-sdk/src/rp2_common/pico_printf/printf.c.o
 .rodata.pow10.0
                0x100057b0       0x50 CMakeFiles/temp_alert.dir/home/kishan/pico/pico-sdk/src/rp2_common/pico_printf/printf.c.o
 .rodata.crlf_str.0
                0x10005800        0x2 CMakeFiles/temp_alert.dir/home/kishan/pico/pico-sdk/src/rp2_common/pico_stdio/stdio.c.o
 .rodata.str1.4
                0x10005802       0x2c CMakeFiles/temp_alert.dir/home/kishan/pico/pico-sdk/src/rp2_common/pico_stdio_uart/stdio_uart.c.o
 *fill*         0x10005802        0x2 
 .rodata.__bi_45.4
                0x10005804        0xc CMakeFiles/temp_alert.dir/home/kishan/pico/pico-sdk/src/rp2_common/pico_stdio_uart/stdio_uart.c.o
 .rodata.__bi_49.5
                0x10005810        0x8 CMakeFiles/temp_alert.dir/home/kishan/pico/pico-sdk/src/rp2_common/pico_stdio_uart/stdio_uart.c.o
 .rodata.__bi_50.6
                0x10005818        0x8 CMakeFiles/temp_alert.dir/home/kishan/pico/pico-sdk/src/rp2_common/pico_stdio_uart/stdio_uart.c.o
                0x10005820                        . = ALIGN (0x4)
 *(SORT_BY_ALIGNMENT(SORT_BY_NAME(.flashdata*)))
                0x10005820                        . = ALIGN (0x4)

.ARM.extab
 *(.ARM.extab* .gnu.linkonce.armextab.*)
                0x10005820                        __exidx_start = .

.ARM.exidx
 *(.ARM.exidx* .gnu.linkonce.armexidx.*)
                0x10005820                        __exidx_end = .
                0x10005820                        . = ALIGN (0x4)
                0x10005820                        __binary_info_start = .

.binary_info    0x10005820       0x28
 *(.binary_info.keep.*)
 .binary_info.keep.__bi_ptr84
                0x10005820        0x4 CMakeFiles/temp_alert.dir/home/kishan/pico/pico-sdk/src/rp2_common/pico_standard_binary_info/standard_binary_info.c.o
 .binary_info.keep.__bi_ptr78
                0x10005824        0x4 CMakeFiles/temp_alert.dir/home/kishan/pico/pico-sdk/src/rp2_common/pico_standard_binary_info/standard_binary_info.c.o
 .binary_info.keep.__bi_ptr54
                0x10005828        0x4 CMakeFiles/temp_alert.dir/home/kishan/pico/pico-sdk/src/rp2_common/pico_standard_binary_info/standard_binary_info.c.o
 .binary_info.keep.__bi_ptr48
                0x1000582c        0x4 CMakeFiles/temp_alert.dir/home/kishan/pico/pico-sdk/src/rp2_common/pico_standard_binary_info/standard_binary_info.c.o
 .binary_info.keep.__bi_ptr42
                0x10005830        0x4 CMakeFiles/temp_alert.dir/home/kishan/pico/pico-sdk/src/rp2_common/pico_standard_binary_info/standard_binary_info.c.o
 .binary_info.keep.__bi_ptr34
                0x10005834        0x4 CMakeFiles/temp_alert.dir/home/kishan/pico/pico-sdk/src/rp2_common/pico_standard_binary_info/standard_binary_info.c.o
 .binary_info.keep.__bi_ptr26
                0x10005838        0x4 CMakeFiles/temp_alert.dir/home/kishan/pico/pico-sdk/src/rp2_common/pico_standard_binary_info/standard_binary_info.c.o
 *(.binary_info.*)
 .binary_info.__bi_ptr50
                0x1000583c        0x4 CMakeFiles/temp_alert.dir/home/kishan/pico/pico-sdk/src/rp2_common/pico_stdio_uart/stdio_uart.c.o
 .binary_info.__bi_ptr49
                0x10005840        0x4 CMakeFiles/temp_alert.dir/home/kishan/pico/pico-sdk/src/rp2_common/pico_stdio_uart/stdio_uart.c.o
 .binary_info.__bi_ptr45
                0x10005844        0x4 CMakeFiles/temp_alert.dir/home/kishan/pico/pico-sdk/src/rp2_common/pico_stdio_uart/stdio_uart.c.o
                0x10005848                        __binary_info_end = .
                0x10005848                        . = ALIGN (0x4)

.ram_vector_table
                0x20000000       0xc0
 *(.ram_vector_table)
 .ram_vector_table
                0x20000000       0xc0 CMakeFiles/temp_alert.dir/home/kishan/pico/pico-sdk/src/rp2_common/pico_runtime_init/runtime_init.c.o
                0x20000000                ram_vector_table

.uninitialized_data
                0x200000c0        0x0
                0x200000c0                        . = ALIGN (0x4)
 *(.uninitialized_data*)

.data           0x200000c0      0x6c4 load address 0x10005848
                0x200000c0                        __data_start__ = .
 *(vtable)
 *(.time_critical*)
 .time_critical.mutex_try_enter_block_until
                0x200000c0       0x9c CMakeFiles/temp_alert.dir/home/kishan/pico/pico-sdk/src/common/pico_sync/mutex.c.o
                0x200000c0                mutex_try_enter_block_until
 .time_critical.mutex_exit
                0x2000015c       0x28 CMakeFiles/temp_alert.dir/home/kishan/pico/pico-sdk/src/common/pico_sync/mutex.c.o
                0x2000015c                mutex_exit
 *(.text*)
 .text          0x20000184        0x4 /usr/lib/gcc/arm-none-eabi/13.2.1/thumb/v6-m/nofp/libgcc.a(_dvmd_tls.o)
                0x20000184                __aeabi_ldiv0
                0x20000184                __aeabi_idiv0
 .text.__stub   0x20000188       0x10 linker stubs
                0x20000198                        . = ALIGN (0x4)
 *(.rodata*)
                0x20000198                        . = ALIGN (0x4)
 *(.data*)
 .data.striped_spin_lock_num
                0x20000198        0x1 CMakeFiles/temp_alert.dir/home/kishan/pico/pico-sdk/src/rp2_common/hardware_sync/sync.c.o
 *fill*         0x20000199        0x3 
 .data          0x2000019c       0x48 CMakeFiles/temp_alert.dir/home/kishan/pico/pico-sdk/src/rp2_common/hardware_irq/irq_handler_chain.S.o
                0x2000019c                irq_handler_chain_slots
                0x200001cc                irq_handler_chain_first_slot
                0x200001d6                irq_handler_chain_remove_tail
 .data.default_alarm_pool
                0x200001e4       0x18 CMakeFiles/temp_alert.dir/home/kishan/pico/pico-sdk/src/common/pico_time/time.c.o
 *fill*         0x200001fc        0x4 
 .data.aeabi_bits_funcs
                0x20000200       0x10 CMakeFiles/temp_alert.dir/home/kishan/pico/pico-sdk/src/rp2_common/pico_bit_ops/bit_ops_aeabi.S.o
                0x20000200                aeabi_bits_funcs
                0x20000210                aeabi_bits_funcs_end
 .data.aeabi_mem_funcs
                0x20000210       0x10 CMakeFiles/temp_alert.dir/home/kishan/pico/pico-sdk/src/rp2_common/pico_mem_ops/mem_ops_aeabi.S.o
                0x20000210                aeabi_mem_funcs
                0x20000220                aeabi_mem_funcs_end
 .data.stdio_uart
                0x20000220       0x18 CMakeFiles/temp_alert.dir/home/kishan/pico/pico-sdk/src/rp2_common/pico_stdio_uart/stdio_uart.c.o
                0x20000220                stdio_uart
 .data          0x20000238      0x128 /usr/lib/gcc/arm-none-eabi/13.2.1/../../../arm-none-eabi/lib/thumb/v6-m/nofp/libg.a(libc_a-impure.o)
                0x20000238                _impure_ptr
                0x20000240                _impure_data
 .data          0x20000360      0x410 /usr/lib/gcc/arm-none-eabi/13.2.1/../../../arm-none-eabi/lib/thumb/v6-m/nofp/libg.a(libc_a-mallocr.o)
                0x20000360                __malloc_sbrk_base
                0x20000364                __malloc_trim_threshold
                0x20000368                __malloc_av_
 .data          0x20000770        0xc /usr/lib/gcc/arm-none-eabi/13.2.1/../../../arm-none-eabi/lib/thumb/v6-m/nofp/libg.a(libc_a-findfp.o)
                0x20000770                __sglue
                0x2000077c                        . = ALIGN (0x4)
 *(.after_data.*)
                0x2000077c                        . = ALIGN (0x4)
                0x2000077c                        PROVIDE (__mutex_array_start = .)
 *(SORT_BY_NAME(.mutex_array.*))
 *(.mutex_array)
 .mutex_array   0x2000077c        0x8 CMakeFiles/temp_alert.dir/home/kishan/pico/pico-sdk/src/rp2_common/pico_stdio/stdio.c.o
                0x20000784                        PROVIDE (__mutex_array_end = .)
                0x20000784                        . = ALIGN (0x4)
 *(.jcr)
                0x20000784                        . = ALIGN (0x4)

.tm_clone_table
                0x20000784        0x0 load address 0x10005f0c
 .tm_clone_table
                0x20000784        0x0 /usr/lib/gcc/arm-none-eabi/13.2.1/thumb/v6-m/nofp/crtbegin.o
 .tm_clone_table
                0x20000784        0x0 /usr/lib/gcc/arm-none-eabi/13.2.1/thumb/v6-m/nofp/crtend.o

.igot.plt       0x20000784        0x0 load address 0x10005f0c
 .igot.plt      0x20000784        0x0 /usr/lib/gcc/arm-none-eabi/13.2.1/thumb/v6-m/nofp/crtbegin.o

.tdata          0x20000784        0x0 load address 0x10005f0c
                0x20000784                        . = ALIGN (0x4)
 *(.tdata .tdata.* .gnu.linkonce.td.*)
                0x20000784                        __tdata_end = .
                0x20000784                        PROVIDE (__data_end__ = .)
                0x10005848                        __etext = LOADADDR (.data)

.tbss           0x20000784        0x0 load address 0x10005f0c
                0x20000784                        . = ALIGN (0x4)
                0x20000784                        __bss_start__ = .
                0x20000784                        __tls_base = .
 *(.tbss .tbss.* .gnu.linkonce.tb.*)
 *(.tcommon)
                0x20000784                        __tls_end = .

.bss            0x20000788      0x70c load address 0x10005f0c
                0x20000788                        . = ALIGN (0x4)
                0x20000788                        __tbss_end = .
 *(SORT_BY_ALIGNMENT(SORT_BY_NAME(.bss*)))
 .bss.default_alarm_pool_entries
                0x20000788      0x180 CMakeFiles/temp_alert.dir/home/kishan/pico/pico-sdk/src/common/pico_time/time.c.o
 .bss.sd_table  0x20000908      0x100 CMakeFiles/temp_alert.dir/home/kishan/pico/pico-sdk/src/rp2_common/pico_double/double_init_rom_rp2040.c.o
                0x20000908                sd_table
 .bss.sf_table  0x20000a08      0x100 CMakeFiles/temp_alert.dir/home/kishan/pico/pico-sdk/src/rp2_common/pico_float/float_init_rom_rp2040.c.o
                0x20000a08                sf_table
 .bss           0x20000b08       0x1c /usr/lib/gcc/arm-none-eabi/13.2.1/thumb/v6-m/nofp/crtbegin.o
 .bss           0x20000b24       0x34 /usr/lib/gcc/arm-none-eabi/13.2.1/../../../arm-none-eabi/lib/thumb/v6-m/nofp/libg.a(libc_a-mallocr.o)
                0x20000b24                __malloc_top_pad
                0x20000b28                __malloc_current_mallinfo
                0x20000b50                __malloc_max_sbrked_mem
                0x20000b54                __malloc_max_total_mem
 .bss           0x20000b58      0x13c /usr/lib/gcc/arm-none-eabi/13.2.1/../../../arm-none-eabi/lib/thumb/v6-m/nofp/libg.a(libc_a-findfp.o)
                0x20000b58                __stdio_exit_handler
                0x20000b5c                __sf
 .bss           0x20000c94        0x4 /usr/lib/gcc/arm-none-eabi/13.2.1/../../../arm-none-eabi/lib/thumb/v6-m/nofp/libg.a(libc_a-reent.o)
                0x20000c94                errno
 .bss           0x20000c98      0x190 /usr/lib/gcc/arm-none-eabi/13.2.1/../../../arm-none-eabi/lib/thumb/v6-m/nofp/libg.a(libc_a-__atexit.o)
                0x20000c98                __atexit0
 .bss           0x20000e28        0x4 /usr/lib/gcc/arm-none-eabi/13.2.1/../../../arm-none-eabi/lib/thumb/v6-m/nofp/libg.a(libc_a-__call_atexit.o)
                0x20000e28                __atexit
 .bss.chars_available_callback
                0x20000e2c        0x4 CMakeFiles/temp_alert.dir/home/kishan/pico/pico-sdk/src/rp2_common/pico_stdio_uart/stdio_uart.c.o
 .bss.chars_available_param
                0x20000e30        0x4 CMakeFiles/temp_alert.dir/home/kishan/pico/pico-sdk/src/rp2_common/pico_stdio_uart/stdio_uart.c.o
 .bss.claimed   0x20000e34        0x1 CMakeFiles/temp_alert.dir/home/kishan/pico/pico-sdk/src/rp2_common/hardware_timer/timer.c.o
 *fill*         0x20000e35        0x3 
 .bss.configured_freq
                0x20000e38       0x28 CMakeFiles/temp_alert.dir/home/kishan/pico/pico-sdk/src/rp2_common/hardware_clocks/clocks.c.o
 .bss.drivers   0x20000e60        0x4 CMakeFiles/temp_alert.dir/home/kishan/pico/pico-sdk/src/rp2_common/pico_stdio/stdio.c.o
 .bss.filter    0x20000e64        0x4 CMakeFiles/temp_alert.dir/home/kishan/pico/pico-sdk/src/rp2_common/pico_stdio/stdio.c.o
 .bss.heap_end.0
                0x20000e68        0x4 CMakeFiles/temp_alert.dir/home/kishan/pico/pico-sdk/src/rp2_common/pico_clib_interface/newlib_interface.c.o
 .bss.lazy_vsnprintf
                0x20000e6c        0x4 CMakeFiles/temp_alert.dir/home/kishan/pico/pico-sdk/src/rp2_common/pico_printf/printf.c.o
 .bss.pools     0x20000e70       0x10 CMakeFiles/temp_alert.dir/home/kishan/pico/pico-sdk/src/common/pico_time/time.c.o
 .bss.sf_clz_func
                0x20000e80        0x4 CMakeFiles/temp_alert.dir/home/kishan/pico/pico-sdk/src/rp2_common/pico_double/double_init_rom_rp2040.c.o
                0x20000e80                sf_clz_func
 .bss.sleep_notifier
                0x20000e84        0x4 CMakeFiles/temp_alert.dir/home/kishan/pico/pico-sdk/src/common/pico_time/time.c.o
 .bss.uart_char_to_line_feed
                0x20000e88        0x4 CMakeFiles/temp_alert.dir/home/kishan/pico/pico-sdk/src/rp2_common/hardware_uart/uart.c.o
                0x20000e88                uart_char_to_line_feed
 .bss.uart_instance
                0x20000e8c        0x4 CMakeFiles/temp_alert.dir/home/kishan/pico/pico-sdk/src/rp2_common/pico_stdio_uart/stdio_uart.c.o
 .bss.irq_handler_chain_free_slot_head
                0x20000e90        0x1 CMakeFiles/temp_alert.dir/home/kishan/pico/pico-sdk/src/rp2_common/hardware_irq/irq.c.o
 *(COMMON)
                0x20000e94                        . = ALIGN (0x4)
 *fill*         0x20000e91        0x3 
                0x20000e94                        __bss_end__ = .

.heap           0x20000e94      0x800 load address 0x10005f0c
                0x20000e94                        __end__ = .
                0x20000e94                        end = __end__
 *(.heap*)
 .heap          0x20000e94      0x800 CMakeFiles/temp_alert.dir/home/kishan/pico/pico-sdk/src/rp2_common/pico_crt0/crt0.S.o
                0x20040000                        __HeapLimit = (ORIGIN (RAM) + LENGTH (RAM))

.scratch_x      0x20040000        0x0 load address 0x10005f0c
                0x20040000                        __scratch_x_start__ = .
 *(.scratch_x.*)
                0x20040000                        . = ALIGN (0x4)
                0x20040000                        __scratch_x_end__ = .
                0x10005f0c                        __scratch_x_source__ = LOADADDR (.scratch_x)

.scratch_y      0x20041000        0x0 load address 0x10005f0c
                0x20041000                        __scratch_y_start__ = .
 *(.scratch_y.*)
                0x20041000                        . = ALIGN (0x4)
                0x20041000                        __scratch_y_end__ = .
                0x10005f0c                        __scratch_y_source__ = LOADADDR (.scratch_y)

.stack1_dummy
 *(.stack1*)

.stack_dummy    0x20041000      0x800
 *(.stack*)
 .stack         0x20041000      0x800 CMakeFiles/temp_alert.dir/home/kishan/pico/pico-sdk/src/rp2_common/pico_crt0/crt0.S.o

.rel.dyn        0x20041800        0x0
 .rel.iplt      0x20041800        0x0 /usr/lib/gcc/arm-none-eabi/13.2.1/thumb/v6-m/nofp/crtbegin.o

.flash_end      0x10005f0c        0x0
 *(.embedded_end_block*)
                0x10005f0c                        PROVIDE (__flash_binary_end = .)
                0x20040000                        __StackLimit = (ORIGIN (RAM) + LENGTH (RAM))
                0x20041000                        __StackOneTop = (ORIGIN (SCRATCH_X) + LENGTH (SCRATCH_X))
                0x20042000                        __StackTop = (ORIGIN (SCRATCH_Y) + LENGTH (SCRATCH_Y))
                0x20041000                        __StackOneBottom = (__StackOneTop - SIZEOF (.stack1_dummy))
                0x20041800                        __StackBottom = (__StackTop - SIZEOF (.stack_dummy))
                0x20042000                        PROVIDE (__stack = __StackTop)
                [!provide]                        PROVIDE (__heap_start = __end__)
                [!provide]                        PROVIDE (__heap_end = __HeapLimit)
                [!provide]                        PROVIDE (__tls_align = MAX (ALIGNOF (.tdata), ALIGNOF (.tbss)))
                [!provide]                        PROVIDE (__tls_size_align = (((__tls_size + __tls_align) - 0x1) & ~ ((__tls_align - 0x1))))
                [!provide]                        PROVIDE (__arm32_tls_tcb_offset = MAX (0x8, __tls_align))
                [!provide]                        PROVIDE (_end = __end__)
                [!provide]                        PROVIDE (__llvm_libc_heap_limit = __HeapLimit)
                0x00000001                        ASSERT ((__StackLimit >= __HeapLimit), region RAM overflowed)
                0x00000001                        ASSERT (((__binary_info_header_end - __logical_binary_start) <= 0x100), Binary info must be in first 256 bytes of the binary)
LOAD CMakeFiles/temp_alert.dir/main.c.o
LOAD CMakeFiles/temp_alert.dir/home/kishan/pico/pico-sdk/src/rp2_common/pico_stdlib/stdlib.c.o
LOAD CMakeFiles/temp_alert.dir/home/kishan/pico/pico-sdk/src/rp2_common/hardware_gpio/gpio.c.o
LOAD CMakeFiles/temp_alert.dir/home/kishan/pico/pico-sdk/src/rp2040/pico_platform/platform.c.o
LOAD CMakeFiles/temp_alert.dir/home/kishan/pico/pico-sdk/src/rp2_common/pico_platform_common/common.c.o
LOAD CMakeFiles/temp_alert.dir/home/kishan/pico/pico-sdk/src/rp2_common/pico_platform_panic/panic.c.o
LOAD CMakeFiles/temp_alert.dir/home/kishan/pico/pico-sdk/src/common/hardware_claim/claim.c.o
LOAD CMakeFiles/temp_alert.dir/home/kishan/pico/pico-sdk/src/rp2_common/hardware_sync/sync.c.o
LOAD CMakeFiles/temp_alert.dir/home/kishan/pico/pico-sdk/src/rp2_common/hardware_sync_spin_lock/sync_spin_lock.c.o
LOAD CMakeFiles/temp_alert.dir/home/kishan/pico/pico-sdk/src/rp2_common/hardware_irq/irq.c.o
LOAD CMakeFiles/temp_alert.dir/home/kishan/pico/pico-sdk/src/rp2_common/hardware_irq/irq_handler_chain.S.o
LOAD CMakeFiles/temp_alert.dir/home/kishan/pico/pico-sdk/src/common/pico_sync/sem.c.o
LOAD CMakeFiles/temp_alert.dir/home/kishan/pico/pico-sdk/src/common/pico_sync/lock_core.c.o
LOAD CMakeFiles/temp_alert.dir/home/kishan/pico/pico-sdk/src/common/pico_sync/mutex.c.o
LOAD CMakeFiles/temp_alert.dir/home/kishan/pico/pico-sdk/src/common/pico_sync/critical_section.c.o
LOAD CMakeFiles/temp_alert.dir/home/kishan/pico/pico-sdk/src/common/pico_time/time.c.o
LOAD CMakeFiles/temp_alert.dir/home/kishan/pico/pico-sdk/src/common/pico_time/timeout_helper.c.o
LOAD CMakeFiles/temp_alert.dir/home/kishan/pico/pico-sdk/src/rp2_common/hardware_timer/timer.c.o
LOAD CMakeFiles/temp_alert.dir/home/kishan/pico/pico-sdk/src/common/pico_util/datetime.c.o
LOAD CMakeFiles/temp_alert.dir/home/kishan/pico/pico-sdk/src/common/pico_util/pheap.c.o
LOAD CMakeFiles/temp_alert.dir/home/kishan/pico/pico-sdk/src/common/pico_util/queue.c.o
LOAD CMakeFiles/temp_alert.dir/home/kishan/pico/pico-sdk/src/rp2_common/hardware_uart/uart.c.o
LOAD CMakeFiles/temp_alert.dir/home/kishan/pico/pico-sdk/src/rp2_common/hardware_clocks/clocks.c.o
LOAD CMakeFiles/temp_alert.dir/home/kishan/pico/pico-sdk/src/rp2_common/hardware_pll/pll.c.o
LOAD CMakeFiles/temp_alert.dir/home/kishan/pico/pico-sdk/src/rp2_common/hardware_vreg/vreg.c.o
LOAD CMakeFiles/temp_alert.dir/home/kishan/pico/pico-sdk/src/rp2_common/hardware_watchdog/watchdog.c.o
LOAD CMakeFiles/temp_alert.dir/home/kishan/pico/pico-sdk/src/rp2_common/hardware_ticks/ticks.c.o
LOAD CMakeFiles/temp_alert.dir/home/kishan/pico/pico-sdk/src/rp2_common/pico_bootrom/bootrom.c.o
LOAD CMakeFiles/temp_alert.dir/home/kishan/pico/pico-sdk/src/rp2_common/pico_bootrom/bootrom_lock.c.o
LOAD CMakeFiles/temp_alert.dir/home/kishan/pico/pico-sdk/src/rp2_common/hardware_boot_lock/boot_lock.c.o
LOAD CMakeFiles/temp_alert.dir/home/kishan/pico/pico-sdk/src/rp2_common/pico_flash/flash.c.o
LOAD CMakeFiles/temp_alert.dir/home/kishan/pico/pico-sdk/src/rp2_common/hardware_xosc/xosc.c.o
LOAD CMakeFiles/temp_alert.dir/home/kishan/pico/pico-sdk/src/rp2_common/hardware_divider/divider.S.o
LOAD CMakeFiles/temp_alert.dir/home/kishan/pico/pico-sdk/src/rp2_common/pico_runtime/runtime.c.o
LOAD CMakeFiles/temp_alert.dir/home/kishan/pico/pico-sdk/src/rp2_common/pico_runtime_init/runtime_init.c.o
LOAD CMakeFiles/temp_alert.dir/home/kishan/pico/pico-sdk/src/rp2_common/pico_runtime_init/runtime_init_clocks.c.o
LOAD CMakeFiles/temp_alert.dir/home/kishan/pico/pico-sdk/src/rp2_common/pico_runtime_init/runtime_init_stack_guard.c.o
LOAD CMakeFiles/temp_alert.dir/home/kishan/pico/pico-sdk/src/rp2_common/pico_bit_ops/bit_ops_aeabi.S.o
LOAD CMakeFiles/temp_alert.dir/home/kishan/pico/pico-sdk/src/rp2_common/pico_divider/divider_hardware.S.o
LOAD CMakeFiles/temp_alert.dir/home/kishan/pico/pico-sdk/src/rp2_common/pico_double/double_aeabi_rp2040.S.o
LOAD CMakeFiles/temp_alert.dir/home/kishan/pico/pico-sdk/src/rp2_common/pico_double/double_init_rom_rp2040.c.o
LOAD CMakeFiles/temp_alert.dir/home/kishan/pico/pico-sdk/src/rp2_common/pico_double/double_math.c.o
LOAD CMakeFiles/temp_alert.dir/home/kishan/pico/pico-sdk/src/rp2_common/pico_double/double_v1_rom_shim_rp2040.S.o
LOAD CMakeFiles/temp_alert.dir/home/kishan/pico/pico-sdk/src/rp2_common/pico_int64_ops/pico_int64_ops_aeabi.S.o
LOAD CMakeFiles/temp_alert.dir/home/kishan/pico/pico-sdk/src/rp2_common/pico_float/float_aeabi_rp2040.S.o
LOAD CMakeFiles/temp_alert.dir/home/kishan/pico/pico-sdk/src/rp2_common/pico_float/float_init_rom_rp2040.c.o
LOAD CMakeFiles/temp_alert.dir/home/kishan/pico/pico-sdk/src/rp2_common/pico_float/float_math.c.o
LOAD CMakeFiles/temp_alert.dir/home/kishan/pico/pico-sdk/src/rp2_common/pico_float/float_v1_rom_shim_rp2040.S.o
LOAD CMakeFiles/temp_alert.dir/home/kishan/pico/pico-sdk/src/rp2_common/pico_malloc/malloc.c.o
LOAD CMakeFiles/temp_alert.dir/home/kishan/pico/pico-sdk/src/rp2_common/pico_mem_ops/mem_ops_aeabi.S.o
LOAD CMakeFiles/temp_alert.dir/home/kishan/pico/pico-sdk/src/rp2_common/pico_atomic/atomic.c.o
LOAD CMakeFiles/temp_alert.dir/home/kishan/pico/pico-sdk/src/rp2_common/pico_cxx_options/new_delete.cpp.o
LOAD CMakeFiles/temp_alert.dir/home/kishan/pico/pico-sdk/src/rp2_common/pico_standard_binary_info/standard_binary_info.c.o
LOAD CMakeFiles/temp_alert.dir/home/kishan/pico/pico-sdk/src/rp2_common/pico_printf/printf.c.o
LOAD CMakeFiles/temp_alert.dir/home/kishan/pico/pico-sdk/src/rp2_common/pico_crt0/crt0.S.o
LOAD CMakeFiles/temp_alert.dir/home/kishan/pico/pico-sdk/src/rp2_common/pico_clib_interface/newlib_interface.c.o
LOAD CMakeFiles/temp_alert.dir/home/kishan/pico/pico-sdk/src/rp2_common/pico_stdio/stdio.c.o
LOAD CMakeFiles/temp_alert.dir/home/kishan/pico/pico-sdk/src/rp2_common/pico_stdio_uart/stdio_uart.c.o
LOAD CMakeFiles/temp_alert.dir/home/kishan/pico/pico-sdk/src/rp2_common/hardware_adc/adc.c.o
LOAD pico-sdk/src/rp2040/boot_stage2/CMakeFiles/bs2_default_library.dir/bs2_default_padded_checksummed.S.o
LOAD /usr/lib/gcc/arm-none-eabi/13.2.1/../../../arm-none-eabi/lib/thumb/v6-m/nofp/libstdc++.a
LOAD /usr/lib/gcc/arm-none-eabi/13.2.1/../../../arm-none-eabi/lib/thumb/v6-m/nofp/libm.a
START GROUP
LOAD /usr/lib/gcc/arm-none-eabi/13.2.1/thumb/v6-m/nofp/libgcc.a
LOAD /usr/lib/gcc/arm-none-eabi/13.2.1/../../../arm-none-eabi/lib/thumb/v6-m/nofp/libg.a
LOAD /usr/lib/gcc/arm-none-eabi/13.2.1/../../../arm-none-eabi/lib/thumb/v6-m/nofp/libc.a
END GROUP
START GROUP
LOAD /usr/lib/gcc/arm-none-eabi/13.2.1/thumb/v6-m/nofp/libgcc.a
LOAD /usr/lib/gcc/arm-none-eabi/13.2.1/../../../arm-none-eabi/lib/thumb/v6-m/nofp/libc.a
LOAD /usr/lib/gcc/arm-none-eabi/13.2.1/../../../arm-none-eabi/lib/thumb/v6-m/nofp/libnosys.a
END GROUP
LOAD /usr/lib/gcc/arm-none-eabi/13.2.1/thumb/v6-m/nofp/crtend.o
LOAD /usr/lib/gcc/arm-none-eabi/13.2.1/thumb/v6-m/nofp/crtn.o
OUTPUT(temp_alert.elf elf32-littlearm)
LOAD linker stubs

.ARM.attributes
                0x00000000       0x28
 .ARM.attributes
                0x00000000       0x1e /usr/lib/gcc/arm-none-eabi/13.2.1/thumb/v6-m/nofp/crti.o
 .ARM.attributes
                0x0000001e       0x2c /usr/lib/gcc/arm-none-eabi/13.2.1/thumb/v6-m/nofp/crtbegin.o
 .ARM.attributes
                0x0000004a       0x2c CMakeFiles/temp_alert.dir/main.c.o
 .ARM.attributes
                0x00000076       0x2c CMakeFiles/temp_alert.dir/home/kishan/pico/pico-sdk/src/rp2_common/hardware_gpio/gpio.c.o
 .ARM.attributes
                0x000000a2       0x2c CMakeFiles/temp_alert.dir/home/kishan/pico/pico-sdk/src/rp2_common/pico_platform_panic/panic.c.o
 .ARM.attributes
                0x000000ce       0x2c CMakeFiles/temp_alert.dir/home/kishan/pico/pico-sdk/src/common/hardware_claim/claim.c.o
 .ARM.attributes
                0x000000fa       0x2c CMakeFiles/temp_alert.dir/home/kishan/pico/pico-sdk/src/rp2_common/hardware_sync/sync.c.o
 .ARM.attributes
                0x00000126       0x2c CMakeFiles/temp_alert.dir/home/kishan/pico/pico-sdk/src/rp2_common/hardware_sync_spin_lock/sync_spin_lock.c.o
 .ARM.attributes
                0x00000152       0x2c CMakeFiles/temp_alert.dir/home/kishan/pico/pico-sdk/src/rp2_common/hardware_irq/irq.c.o
 .ARM.attributes
                0x0000017e       0x22 CMakeFiles/temp_alert.dir/home/kishan/pico/pico-sdk/src/rp2_common/hardware_irq/irq_handler_chain.S.o
 .ARM.attributes
                0x000001a0       0x2c CMakeFiles/temp_alert.dir/home/kishan/pico/pico-sdk/src/common/pico_sync/lock_core.c.o
 .ARM.attributes
                0x000001cc       0x2c CMakeFiles/temp_alert.dir/home/kishan/pico/pico-sdk/src/common/pico_sync/mutex.c.o
 .ARM.attributes
                0x000001f8       0x2c CMakeFiles/temp_alert.dir/home/kishan/pico/pico-sdk/src/common/pico_time/time.c.o
 .ARM.attributes
                0x00000224       0x2c CMakeFiles/temp_alert.dir/home/kishan/pico/pico-sdk/src/rp2_common/hardware_timer/timer.c.o
 .ARM.attributes
                0x00000250       0x2c CMakeFiles/temp_alert.dir/home/kishan/pico/pico-sdk/src/rp2_common/hardware_uart/uart.c.o
 .ARM.attributes
                0x0000027c       0x2c CMakeFiles/temp_alert.dir/home/kishan/pico/pico-sdk/src/rp2_common/hardware_clocks/clocks.c.o
 .ARM.attributes
                0x000002a8       0x2c CMakeFiles/temp_alert.dir/home/kishan/pico/pico-sdk/src/rp2_common/hardware_pll/pll.c.o
 .ARM.attributes
                0x000002d4       0x2c CMakeFiles/temp_alert.dir/home/kishan/pico/pico-sdk/src/rp2_common/hardware_ticks/ticks.c.o
 .ARM.attributes
                0x00000300       0x2c CMakeFiles/temp_alert.dir/home/kishan/pico/pico-sdk/src/rp2_common/pico_bootrom/bootrom.c.o
 .ARM.attributes
                0x0000032c       0x2c CMakeFiles/temp_alert.dir/home/kishan/pico/pico-sdk/src/rp2_common/hardware_xosc/xosc.c.o
 .ARM.attributes
                0x00000358       0x2c CMakeFiles/temp_alert.dir/home/kishan/pico/pico-sdk/src/rp2_common/pico_runtime/runtime.c.o
 .ARM.attributes
                0x00000384       0x2c CMakeFiles/temp_alert.dir/home/kishan/pico/pico-sdk/src/rp2_common/pico_runtime_init/runtime_init.c.o
 .ARM.attributes
                0x000003b0       0x2c CMakeFiles/temp_alert.dir/home/kishan/pico/pico-sdk/src/rp2_common/pico_runtime_init/runtime_init_clocks.c.o
 .ARM.attributes
                0x000003dc       0x22 CMakeFiles/temp_alert.dir/home/kishan/pico/pico-sdk/src/rp2_common/pico_bit_ops/bit_ops_aeabi.S.o
 .ARM.attributes
                0x000003fe       0x22 CMakeFiles/temp_alert.dir/home/kishan/pico/pico-sdk/src/rp2_common/pico_divider/divider_hardware.S.o
 .ARM.attributes
                0x00000420       0x22 CMakeFiles/temp_alert.dir/home/kishan/pico/pico-sdk/src/rp2_common/pico_double/double_aeabi_rp2040.S.o
 .ARM.attributes
                0x00000442       0x2c CMakeFiles/temp_alert.dir/home/kishan/pico/pico-sdk/src/rp2_common/pico_double/double_init_rom_rp2040.c.o
 .ARM.attributes
                0x0000046e       0x22 CMakeFiles/temp_alert.dir/home/kishan/pico/pico-sdk/src/rp2_common/pico_double/double_v1_rom_shim_rp2040.S.o
 .ARM.attributes
                0x00000490       0x22 CMakeFiles/temp_alert.dir/home/kishan/pico/pico-sdk/src/rp2_common/pico_int64_ops/pico_int64_ops_aeabi.S.o
 .ARM.attributes
                0x000004b2       0x22 CMakeFiles/temp_alert.dir/home/kishan/pico/pico-sdk/src/rp2_common/pico_float/float_aeabi_rp2040.S.o
 .ARM.attributes
                0x000004d4       0x2c CMakeFiles/temp_alert.dir/home/kishan/pico/pico-sdk/src/rp2_common/pico_float/float_init_rom_rp2040.c.o
 .ARM.attributes
                0x00000500       0x22 CMakeFiles/temp_alert.dir/home/kishan/pico/pico-sdk/src/rp2_common/pico_float/float_v1_rom_shim_rp2040.S.o
 .ARM.attributes
                0x00000522       0x22 CMakeFiles/temp_alert.dir/home/kishan/pico/pico-sdk/src/rp2_common/pico_mem_ops/mem_ops_aeabi.S.o
 .ARM.attributes
                0x00000544       0x2c CMakeFiles/temp_alert.dir/home/kishan/pico/pico-sdk/src/rp2_common/pico_standard_binary_info/standard_binary_info.c.o
 .ARM.attributes
                0x00000570       0x2c CMakeFiles/temp_alert.dir/home/kishan/pico/pico-sdk/src/rp2_common/pico_printf/printf.c.o
 .ARM.attributes
                0x0000059c       0x22 CMakeFiles/temp_alert.dir/home/kishan/pico/pico-sdk/src/rp2_common/pico_crt0/crt0.S.o
 .ARM.attributes
                0x000005be       0x2c CMakeFiles/temp_alert.dir/home/kishan/pico/pico-sdk/src/rp2_common/pico_clib_interface/newlib_interface.c.o
 .ARM.attributes
                0x000005ea       0x2c CMakeFiles/temp_alert.dir/home/kishan/pico/pico-sdk/src/rp2_common/pico_stdio/stdio.c.o
 .ARM.attributes
                0x00000616       0x2c CMakeFiles/temp_alert.dir/home/kishan/pico/pico-sdk/src/rp2_common/pico_stdio_uart/stdio_uart.c.o
 .ARM.attributes
                0x00000642       0x2c CMakeFiles/temp_alert.dir/home/kishan/pico/pico-sdk/src/rp2_common/hardware_adc/adc.c.o
 .ARM.attributes
                0x0000066e       0x22 pico-sdk/src/rp2040/boot_stage2/CMakeFiles/bs2_default_library.dir/bs2_default_padded_checksummed.S.o
 .ARM.attributes
                0x00000690       0x1e /usr/lib/gcc/arm-none-eabi/13.2.1/thumb/v6-m/nofp/libgcc.a(_dvmd_tls.o)
 .ARM.attributes
                0x000006ae       0x2c /usr/lib/gcc/arm-none-eabi/13.2.1/../../../arm-none-eabi/lib/thumb/v6-m/nofp/libg.a(libc_a-fflush.o)
 .ARM.attributes
                0x000006da       0x2c /usr/lib/gcc/arm-none-eabi/13.2.1/../../../arm-none-eabi/lib/thumb/v6-m/nofp/libg.a(libc_a-impure.o)
 .ARM.attributes
                0x00000706       0x2c /usr/lib/gcc/arm-none-eabi/13.2.1/../../../arm-none-eabi/lib/thumb/v6-m/nofp/libg.a(libc_a-mallocr.o)
 .ARM.attributes
                0x00000732       0x2c /usr/lib/gcc/arm-none-eabi/13.2.1/../../../arm-none-eabi/lib/thumb/v6-m/nofp/libg.a(libc_a-freer.o)
 .ARM.attributes
                0x0000075e       0x2c /usr/lib/gcc/arm-none-eabi/13.2.1/../../../arm-none-eabi/lib/thumb/v6-m/nofp/libg.a(libc_a-sysconf.o)
 .ARM.attributes
                0x0000078a       0x2c /usr/lib/gcc/arm-none-eabi/13.2.1/../../../arm-none-eabi/lib/thumb/v6-m/nofp/libg.a(libc_a-mlock.o)
 .ARM.attributes
                0x000007b6       0x2c /usr/lib/gcc/arm-none-eabi/13.2.1/../../../arm-none-eabi/lib/thumb/v6-m/nofp/libg.a(libc_a-findfp.o)
 .ARM.attributes
                0x000007e2       0x2c /usr/lib/gcc/arm-none-eabi/13.2.1/../../../arm-none-eabi/lib/thumb/v6-m/nofp/libg.a(libc_a-atexit.o)
 .ARM.attributes
                0x0000080e       0x2c /usr/lib/gcc/arm-none-eabi/13.2.1/../../../arm-none-eabi/lib/thumb/v6-m/nofp/libg.a(libc_a-strlen-stub.o)
 .ARM.attributes
                0x0000083a       0x2c /usr/lib/gcc/arm-none-eabi/13.2.1/../../../arm-none-eabi/lib/thumb/v6-m/nofp/libg.a(libc_a-sbrkr.o)
 .ARM.attributes
                0x00000866       0x2c /usr/lib/gcc/arm-none-eabi/13.2.1/../../../arm-none-eabi/lib/thumb/v6-m/nofp/libg.a(libc_a-fini.o)
 .ARM.attributes
                0x00000892       0x2c /usr/lib/gcc/arm-none-eabi/13.2.1/../../../arm-none-eabi/lib/thumb/v6-m/nofp/libg.a(libc_a-fwalk.o)
 .ARM.attributes
                0x000008be       0x2c /usr/lib/gcc/arm-none-eabi/13.2.1/../../../arm-none-eabi/lib/thumb/v6-m/nofp/libg.a(libc_a-errno.o)
 .ARM.attributes
                0x000008ea       0x2c /usr/lib/gcc/arm-none-eabi/13.2.1/../../../arm-none-eabi/lib/thumb/v6-m/nofp/libg.a(libc_a-fclose.o)
 .ARM.attributes
                0x00000916       0x2c /usr/lib/gcc/arm-none-eabi/13.2.1/../../../arm-none-eabi/lib/thumb/v6-m/nofp/libg.a(libc_a-stdio.o)
 .ARM.attributes
                0x00000942       0x2c /usr/lib/gcc/arm-none-eabi/13.2.1/../../../arm-none-eabi/lib/thumb/v6-m/nofp/libg.a(libc_a-reent.o)
 .ARM.attributes
                0x0000096e       0x2c /usr/lib/gcc/arm-none-eabi/13.2.1/../../../arm-none-eabi/lib/thumb/v6-m/nofp/libg.a(libc_a-__atexit.o)
 .ARM.attributes
                0x0000099a       0x2c /usr/lib/gcc/arm-none-eabi/13.2.1/../../../arm-none-eabi/lib/thumb/v6-m/nofp/libg.a(libc_a-writer.o)
 .ARM.attributes
                0x000009c6       0x2c /usr/lib/gcc/arm-none-eabi/13.2.1/../../../arm-none-eabi/lib/thumb/v6-m/nofp/libg.a(libc_a-closer.o)
 .ARM.attributes
                0x000009f2       0x2c /usr/lib/gcc/arm-none-eabi/13.2.1/../../../arm-none-eabi/lib/thumb/v6-m/nofp/libg.a(libc_a-readr.o)
 .ARM.attributes
                0x00000a1e       0x2c /usr/lib/gcc/arm-none-eabi/13.2.1/../../../arm-none-eabi/lib/thumb/v6-m/nofp/libg.a(libc_a-lseekr.o)
 .ARM.attributes
                0x00000a4a       0x2c /usr/lib/gcc/arm-none-eabi/13.2.1/../../../arm-none-eabi/lib/thumb/v6-m/nofp/libg.a(libc_a-__call_atexit.o)
 .ARM.attributes
                0x00000a76       0x2c /usr/lib/gcc/arm-none-eabi/13.2.1/thumb/v6-m/nofp/crtend.o

.comment        0x00000000       0x26
 .comment       0x00000000       0x26 /usr/lib/gcc/arm-none-eabi/13.2.1/thumb/v6-m/nofp/crtbegin.o
                                 0x27 (size before relaxing)
 .comment       0x00000026       0x27 CMakeFiles/temp_alert.dir/main.c.o
 .comment       0x00000026       0x27 CMakeFiles/temp_alert.dir/home/kishan/pico/pico-sdk/src/rp2_common/hardware_gpio/gpio.c.o
 .comment       0x00000026       0x27 CMakeFiles/temp_alert.dir/home/kishan/pico/pico-sdk/src/rp2_common/pico_platform_panic/panic.c.o
 .comment       0x00000026       0x27 CMakeFiles/temp_alert.dir/home/kishan/pico/pico-sdk/src/common/hardware_claim/claim.c.o
 .comment       0x00000026       0x27 CMakeFiles/temp_alert.dir/home/kishan/pico/pico-sdk/src/rp2_common/hardware_sync/sync.c.o
 .comment       0x00000026       0x27 CMakeFiles/temp_alert.dir/home/kishan/pico/pico-sdk/src/rp2_common/hardware_sync_spin_lock/sync_spin_lock.c.o
 .comment       0x00000026       0x27 CMakeFiles/temp_alert.dir/home/kishan/pico/pico-sdk/src/rp2_common/hardware_irq/irq.c.o
 .comment       0x00000026       0x27 CMakeFiles/temp_alert.dir/home/kishan/pico/pico-sdk/src/common/pico_sync/lock_core.c.o
 .comment       0x00000026       0x27 CMakeFiles/temp_alert.dir/home/kishan/pico/pico-sdk/src/common/pico_sync/mutex.c.o
 .comment       0x00000026       0x27 CMakeFiles/temp_alert.dir/home/kishan/pico/pico-sdk/src/common/pico_time/time.c.o
 .comment       0x00000026       0x27 CMakeFiles/temp_alert.dir/home/kishan/pico/pico-sdk/src/rp2_common/hardware_timer/timer.c.o
 .comment       0x00000026       0x27 CMakeFiles/temp_alert.dir/home/kishan/pico/pico-sdk/src/rp2_common/hardware_uart/uart.c.o
 .comment       0x00000026       0x27 CMakeFiles/temp_alert.dir/home/kishan/pico/pico-sdk/src/rp2_common/hardware_clocks/clocks.c.o
 .comment       0x00000026       0x27 CMakeFiles/temp_alert.dir/home/kishan/pico/pico-sdk/src/rp2_common/hardware_pll/pll.c.o
 .comment       0x00000026       0x27 CMakeFiles/temp_alert.dir/home/kishan/pico/pico-sdk/src/rp2_common/hardware_ticks/ticks.c.o
 .comment       0x00000026       0x27 CMakeFiles/temp_alert.dir/home/kishan/pico/pico-sdk/src/rp2_common/pico_bootrom/bootrom.c.o
 .comment       0x00000026       0x27 CMakeFiles/temp_alert.dir/home/kishan/pico/pico-sdk/src/rp2_common/hardware_xosc/xosc.c.o
 .comment       0x00000026       0x27 CMakeFiles/temp_alert.dir/home/kishan/pico/pico-sdk/src/rp2_common/pico_runtime/runtime.c.o
 .comment       0x00000026       0x27 CMakeFiles/temp_alert.dir/home/kishan/pico/pico-sdk/src/rp2_common/pico_runtime_init/runtime_init.c.o
 .comment       0x00000026       0x27 CMakeFiles/temp_alert.dir/home/kishan/pico/pico-sdk/src/rp2_common/pico_runtime_init/runtime_init_clocks.c.o
 .comment       0x00000026       0x27 CMakeFiles/temp_alert.dir/home/kishan/pico/pico-sdk/src/rp2_common/pico_double/double_init_rom_rp2040.c.o
 .comment       0x00000026       0x27 CMakeFiles/temp_alert.dir/home/kishan/pico/pico-sdk/src/rp2_common/pico_float/float_init_rom_rp2040.c.o
 .comment       0x00000026       0x27 CMakeFiles/temp_alert.dir/home/kishan/pico/pico-sdk/src/rp2_common/pico_standard_binary_info/standard_binary_info.c.o
 .comment       0x00000026       0x27 CMakeFiles/temp_alert.dir/home/kishan/pico/pico-sdk/src/rp2_common/pico_printf/printf.c.o
 .comment       0x00000026       0x27 CMakeFiles/temp_alert.dir/home/kishan/pico/pico-sdk/src/rp2_common/pico_clib_interface/newlib_interface.c.o
 .comment       0x00000026       0x27 CMakeFiles/temp_alert.dir/home/kishan/pico/pico-sdk/src/rp2_common/pico_stdio/stdio.c.o
 .comment       0x00000026       0x27 CMakeFiles/temp_alert.dir/home/kishan/pico/pico-sdk/src/rp2_common/pico_stdio_uart/stdio_uart.c.o
 .comment       0x00000026       0x27 CMakeFiles/temp_alert.dir/home/kishan/pico/pico-sdk/src/rp2_common/hardware_adc/adc.c.o
 .comment       0x00000026       0x27 /usr/lib/gcc/arm-none-eabi/13.2.1/../../../arm-none-eabi/lib/thumb/v6-m/nofp/libg.a(libc_a-fflush.o)
 .comment       0x00000026       0x27 /usr/lib/gcc/arm-none-eabi/13.2.1/../../../arm-none-eabi/lib/thumb/v6-m/nofp/libg.a(libc_a-impure.o)
 .comment       0x00000026       0x27 /usr/lib/gcc/arm-none-eabi/13.2.1/../../../arm-none-eabi/lib/thumb/v6-m/nofp/libg.a(libc_a-mallocr.o)
 .comment       0x00000026       0x27 /usr/lib/gcc/arm-none-eabi/13.2.1/../../../arm-none-eabi/lib/thumb/v6-m/nofp/libg.a(libc_a-freer.o)
 .comment       0x00000026       0x27 /usr/lib/gcc/arm-none-eabi/13.2.1/../../../arm-none-eabi/lib/thumb/v6-m/nofp/libg.a(libc_a-sysconf.o)
 .comment       0x00000026       0x27 /usr/lib/gcc/arm-none-eabi/13.2.1/../../../arm-none-eabi/lib/thumb/v6-m/nofp/libg.a(libc_a-mlock.o)
 .comment       0x00000026       0x27 /usr/lib/gcc/arm-none-eabi/13.2.1/../../../arm-none-eabi/lib/thumb/v6-m/nofp/libg.a(libc_a-findfp.o)
 .comment       0x00000026       0x27 /usr/lib/gcc/arm-none-eabi/13.2.1/../../../arm-none-eabi/lib/thumb/v6-m/nofp/libg.a(libc_a-atexit.o)
 .comment       0x00000026       0x27 /usr/lib/gcc/arm-none-eabi/13.2.1/../../../arm-none-eabi/lib/thumb/v6-m/nofp/libg.a(libc_a-strlen-stub.o)
 .comment       0x00000026       0x27 /usr/lib/gcc/arm-none-eabi/13.2.1/../../../arm-none-eabi/lib/thumb/v6-m/nofp/libg.a(libc_a-sbrkr.o)
 .comment       0x00000026       0x27 /usr/lib/gcc/arm-none-eabi/13.2.1/../../../arm-none-eabi/lib/thumb/v6-m/nofp/libg.a(libc_a-fini.o)
 .comment       0x00000026       0x27 /usr/lib/gcc/arm-none-eabi/13.2.1/../../../arm-none-eabi/lib/thumb/v6-m/nofp/libg.a(libc_a-fwalk.o)
 .comment       0x00000026       0x27 /usr/lib/gcc/arm-none-eabi/13.2.1/../../../arm-none-eabi/lib/thumb/v6-m/nofp/libg.a(libc_a-errno.o)
 .comment       0x00000026       0x27 /usr/lib/gcc/arm-none-eabi/13.2.1/../../../arm-none-eabi/lib/thumb/v6-m/nofp/libg.a(libc_a-fclose.o)
 .comment       0x00000026       0x27 /usr/lib/gcc/arm-none-eabi/13.2.1/../../../arm-none-eabi/lib/thumb/v6-m/nofp/libg.a(libc_a-stdio.o)
 .comment       0x00000026       0x27 /usr/lib/gcc/arm-none-eabi/13.2.1/../../../arm-none-eabi/lib/thumb/v6-m/nofp/libg.a(libc_a-reent.o)
 .comment       0x00000026       0x27 /usr/lib/gcc/arm-none-eabi/13.2.1/../../../arm-none-eabi/lib/thumb/v6-m/nofp/libg.a(libc_a-__atexit.o)
 .comment       0x00000026       0x27 /usr/lib/gcc/arm-none-eabi/13.2.1/../../../arm-none-eabi/lib/thumb/v6-m/nofp/libg.a(libc_a-writer.o)
 .comment       0x00000026       0x27 /usr/lib/gcc/arm-none-eabi/13.2.1/../../../arm-none-eabi/lib/thumb/v6-m/nofp/libg.a(libc_a-closer.o)
 .comment       0x00000026       0x27 /usr/lib/gcc/arm-none-eabi/13.2.1/../../../arm-none-eabi/lib/thumb/v6-m/nofp/libg.a(libc_a-readr.o)
 .comment       0x00000026       0x27 /usr/lib/gcc/arm-none-eabi/13.2.1/../../../arm-none-eabi/lib/thumb/v6-m/nofp/libg.a(libc_a-lseekr.o)
 .comment       0x00000026       0x27 /usr/lib/gcc/arm-none-eabi/13.2.1/../../../arm-none-eabi/lib/thumb/v6-m/nofp/libg.a(libc_a-__call_atexit.o)
 .comment       0x00000026       0x27 /usr/lib/gcc/arm-none-eabi/13.2.1/thumb/v6-m/nofp/crtend.o

.debug_info     0x00000000    0x266e1
 .debug_info    0x00000000      0xba9 CMakeFiles/temp_alert.dir/main.c.o
 .debug_info    0x00000ba9     0x23f9 CMakeFiles/temp_alert.dir/home/kishan/pico/pico-sdk/src/rp2_common/hardware_gpio/gpio.c.o
 .debug_info    0x00002fa2      0x1bf CMakeFiles/temp_alert.dir/home/kishan/pico/pico-sdk/src/rp2_common/pico_platform_panic/panic.c.o
 .debug_info    0x00003161      0x985 CMakeFiles/temp_alert.dir/home/kishan/pico/pico-sdk/src/common/hardware_claim/claim.c.o
 .debug_info    0x00003ae6      0x440 CMakeFiles/temp_alert.dir/home/kishan/pico/pico-sdk/src/rp2_common/hardware_sync/sync.c.o
 .debug_info    0x00003f26      0x239 CMakeFiles/temp_alert.dir/home/kishan/pico/pico-sdk/src/rp2_common/hardware_sync_spin_lock/sync_spin_lock.c.o
 .debug_info    0x0000415f     0x21e9 CMakeFiles/temp_alert.dir/home/kishan/pico/pico-sdk/src/rp2_common/hardware_irq/irq.c.o
 .debug_info    0x00006348      0x153 CMakeFiles/temp_alert.dir/home/kishan/pico/pico-sdk/src/common/pico_sync/lock_core.c.o
 .debug_info    0x0000649b     0x27e9 CMakeFiles/temp_alert.dir/home/kishan/pico/pico-sdk/src/common/pico_sync/mutex.c.o
 .debug_info    0x00008c84     0x484f CMakeFiles/temp_alert.dir/home/kishan/pico/pico-sdk/src/common/pico_time/time.c.o
 .debug_info    0x0000d4d3     0x2afb CMakeFiles/temp_alert.dir/home/kishan/pico/pico-sdk/src/rp2_common/hardware_timer/timer.c.o
 .debug_info    0x0000ffce     0x195f CMakeFiles/temp_alert.dir/home/kishan/pico/pico-sdk/src/rp2_common/hardware_uart/uart.c.o
 .debug_info    0x0001192d     0x2992 CMakeFiles/temp_alert.dir/home/kishan/pico/pico-sdk/src/rp2_common/hardware_clocks/clocks.c.o
 .debug_info    0x000142bf      0x4cd CMakeFiles/temp_alert.dir/home/kishan/pico/pico-sdk/src/rp2_common/hardware_pll/pll.c.o
 .debug_info    0x0001478c      0x230 CMakeFiles/temp_alert.dir/home/kishan/pico/pico-sdk/src/rp2_common/hardware_ticks/ticks.c.o
 .debug_info    0x000149bc      0x654 CMakeFiles/temp_alert.dir/home/kishan/pico/pico-sdk/src/rp2_common/pico_bootrom/bootrom.c.o
 .debug_info    0x00015010      0x1b8 CMakeFiles/temp_alert.dir/home/kishan/pico/pico-sdk/src/rp2_common/hardware_xosc/xosc.c.o
 .debug_info    0x000151c8      0x20e CMakeFiles/temp_alert.dir/home/kishan/pico/pico-sdk/src/rp2_common/pico_runtime/runtime.c.o
 .debug_info    0x000153d6      0x7d2 CMakeFiles/temp_alert.dir/home/kishan/pico/pico-sdk/src/rp2_common/pico_runtime_init/runtime_init.c.o
 .debug_info    0x00015ba8      0x768 CMakeFiles/temp_alert.dir/home/kishan/pico/pico-sdk/src/rp2_common/pico_runtime_init/runtime_init_clocks.c.o
 .debug_info    0x00016310       0x23 CMakeFiles/temp_alert.dir/home/kishan/pico/pico-sdk/src/rp2_common/pico_bit_ops/bit_ops_aeabi.S.o
 .debug_info    0x00016333       0x23 CMakeFiles/temp_alert.dir/home/kishan/pico/pico-sdk/src/rp2_common/pico_divider/divider_hardware.S.o
 .debug_info    0x00016356       0x23 CMakeFiles/temp_alert.dir/home/kishan/pico/pico-sdk/src/rp2_common/pico_double/double_aeabi_rp2040.S.o
 .debug_info    0x00016379      0x266 CMakeFiles/temp_alert.dir/home/kishan/pico/pico-sdk/src/rp2_common/pico_double/double_init_rom_rp2040.c.o
 .debug_info    0x000165df       0x23 CMakeFiles/temp_alert.dir/home/kishan/pico/pico-sdk/src/rp2_common/pico_double/double_v1_rom_shim_rp2040.S.o
 .debug_info    0x00016602       0x24 CMakeFiles/temp_alert.dir/home/kishan/pico/pico-sdk/src/rp2_common/pico_int64_ops/pico_int64_ops_aeabi.S.o
 .debug_info    0x00016626       0x23 CMakeFiles/temp_alert.dir/home/kishan/pico/pico-sdk/src/rp2_common/pico_float/float_aeabi_rp2040.S.o
 .debug_info    0x00016649      0x266 CMakeFiles/temp_alert.dir/home/kishan/pico/pico-sdk/src/rp2_common/pico_float/float_init_rom_rp2040.c.o
 .debug_info    0x000168af       0x23 CMakeFiles/temp_alert.dir/home/kishan/pico/pico-sdk/src/rp2_common/pico_float/float_v1_rom_shim_rp2040.S.o
 .debug_info    0x000168d2       0x23 CMakeFiles/temp_alert.dir/home/kishan/pico/pico-sdk/src/rp2_common/pico_mem_ops/mem_ops_aeabi.S.o
 .debug_info    0x000168f5      0x288 CMakeFiles/temp_alert.dir/home/kishan/pico/pico-sdk/src/rp2_common/pico_standard_binary_info/standard_binary_info.c.o
 .debug_info    0x00016b7d     0x2102 CMakeFiles/temp_alert.dir/home/kishan/pico/pico-sdk/src/rp2_common/pico_printf/printf.c.o
 .debug_info    0x00018c7f       0x23 CMakeFiles/temp_alert.dir/home/kishan/pico/pico-sdk/src/rp2_common/pico_crt0/crt0.S.o
 .debug_info    0x00018ca2      0xbbe CMakeFiles/temp_alert.dir/home/kishan/pico/pico-sdk/src/rp2_common/pico_clib_interface/newlib_interface.c.o
 .debug_info    0x00019860     0x1cc5 CMakeFiles/temp_alert.dir/home/kishan/pico/pico-sdk/src/rp2_common/pico_stdio/stdio.c.o
 .debug_info    0x0001b525     0x14dc CMakeFiles/temp_alert.dir/home/kishan/pico/pico-sdk/src/rp2_common/pico_stdio_uart/stdio_uart.c.o
 .debug_info    0x0001ca01      0x3e4 CMakeFiles/temp_alert.dir/home/kishan/pico/pico-sdk/src/rp2_common/hardware_adc/adc.c.o
 .debug_info    0x0001cde5       0x3c /usr/lib/gcc/arm-none-eabi/13.2.1/thumb/v6-m/nofp/libgcc.a(_dvmd_tls.o)
 .debug_info    0x0001ce21      0xa62 /usr/lib/gcc/arm-none-eabi/13.2.1/../../../arm-none-eabi/lib/thumb/v6-m/nofp/libg.a(libc_a-fflush.o)
 .debug_info    0x0001d883      0x729 /usr/lib/gcc/arm-none-eabi/13.2.1/../../../arm-none-eabi/lib/thumb/v6-m/nofp/libg.a(libc_a-impure.o)
 .debug_info    0x0001dfac      0xcc8 /usr/lib/gcc/arm-none-eabi/13.2.1/../../../arm-none-eabi/lib/thumb/v6-m/nofp/libg.a(libc_a-mallocr.o)
 .debug_info    0x0001ec74      0xb49 /usr/lib/gcc/arm-none-eabi/13.2.1/../../../arm-none-eabi/lib/thumb/v6-m/nofp/libg.a(libc_a-freer.o)
 .debug_info    0x0001f7bd       0xc1 /usr/lib/gcc/arm-none-eabi/13.2.1/../../../arm-none-eabi/lib/thumb/v6-m/nofp/libg.a(libc_a-sysconf.o)
 .debug_info    0x0001f87e      0x73a /usr/lib/gcc/arm-none-eabi/13.2.1/../../../arm-none-eabi/lib/thumb/v6-m/nofp/libg.a(libc_a-mlock.o)
 .debug_info    0x0001ffb8      0xea9 /usr/lib/gcc/arm-none-eabi/13.2.1/../../../arm-none-eabi/lib/thumb/v6-m/nofp/libg.a(libc_a-findfp.o)
 .debug_info    0x00020e61      0x11e /usr/lib/gcc/arm-none-eabi/13.2.1/../../../arm-none-eabi/lib/thumb/v6-m/nofp/libg.a(libc_a-atexit.o)
 .debug_info    0x00020f7f       0xeb /usr/lib/gcc/arm-none-eabi/13.2.1/../../../arm-none-eabi/lib/thumb/v6-m/nofp/libg.a(libc_a-strlen-stub.o)
 .debug_info    0x0002106a      0x796 /usr/lib/gcc/arm-none-eabi/13.2.1/../../../arm-none-eabi/lib/thumb/v6-m/nofp/libg.a(libc_a-sbrkr.o)
 .debug_info    0x00021800       0xf7 /usr/lib/gcc/arm-none-eabi/13.2.1/../../../arm-none-eabi/lib/thumb/v6-m/nofp/libg.a(libc_a-fini.o)
 .debug_info    0x000218f7      0x7e4 /usr/lib/gcc/arm-none-eabi/13.2.1/../../../arm-none-eabi/lib/thumb/v6-m/nofp/libg.a(libc_a-fwalk.o)
 .debug_info    0x000220db      0x70f /usr/lib/gcc/arm-none-eabi/13.2.1/../../../arm-none-eabi/lib/thumb/v6-m/nofp/libg.a(libc_a-errno.o)
 .debug_info    0x000227ea      0x8e4 /usr/lib/gcc/arm-none-eabi/13.2.1/../../../arm-none-eabi/lib/thumb/v6-m/nofp/libg.a(libc_a-fclose.o)
 .debug_info    0x000230ce      0xa90 /usr/lib/gcc/arm-none-eabi/13.2.1/../../../arm-none-eabi/lib/thumb/v6-m/nofp/libg.a(libc_a-stdio.o)
 .debug_info    0x00023b5e      0x82a /usr/lib/gcc/arm-none-eabi/13.2.1/../../../arm-none-eabi/lib/thumb/v6-m/nofp/libg.a(libc_a-reent.o)
 .debug_info    0x00024388      0x1fd /usr/lib/gcc/arm-none-eabi/13.2.1/../../../arm-none-eabi/lib/thumb/v6-m/nofp/libg.a(libc_a-__atexit.o)
 .debug_info    0x00024585      0x7d9 /usr/lib/gcc/arm-none-eabi/13.2.1/../../../arm-none-eabi/lib/thumb/v6-m/nofp/libg.a(libc_a-writer.o)
 .debug_info    0x00024d5e      0x770 /usr/lib/gcc/arm-none-eabi/13.2.1/../../../arm-none-eabi/lib/thumb/v6-m/nofp/libg.a(libc_a-closer.o)
 .debug_info    0x000254ce      0x7d3 /usr/lib/gcc/arm-none-eabi/13.2.1/../../../arm-none-eabi/lib/thumb/v6-m/nofp/libg.a(libc_a-readr.o)
 .debug_info    0x00025ca1      0x7bc /usr/lib/gcc/arm-none-eabi/13.2.1/../../../arm-none-eabi/lib/thumb/v6-m/nofp/libg.a(libc_a-lseekr.o)
 .debug_info    0x0002645d      0x284 /usr/lib/gcc/arm-none-eabi/13.2.1/../../../arm-none-eabi/lib/thumb/v6-m/nofp/libg.a(libc_a-__call_atexit.o)

.debug_abbrev   0x00000000     0x7eac
 .debug_abbrev  0x00000000      0x30b CMakeFiles/temp_alert.dir/main.c.o
 .debug_abbrev  0x0000030b      0x4e4 CMakeFiles/temp_alert.dir/home/kishan/pico/pico-sdk/src/rp2_common/hardware_gpio/gpio.c.o
 .debug_abbrev  0x000007ef      0x12b CMakeFiles/temp_alert.dir/home/kishan/pico/pico-sdk/src/rp2_common/pico_platform_panic/panic.c.o
 .debug_abbrev  0x0000091a      0x326 CMakeFiles/temp_alert.dir/home/kishan/pico/pico-sdk/src/common/hardware_claim/claim.c.o
 .debug_abbrev  0x00000c40      0x20d CMakeFiles/temp_alert.dir/home/kishan/pico/pico-sdk/src/rp2_common/hardware_sync/sync.c.o
 .debug_abbrev  0x00000e4d      0x1bb CMakeFiles/temp_alert.dir/home/kishan/pico/pico-sdk/src/rp2_common/hardware_sync_spin_lock/sync_spin_lock.c.o
 .debug_abbrev  0x00001008      0x600 CMakeFiles/temp_alert.dir/home/kishan/pico/pico-sdk/src/rp2_common/hardware_irq/irq.c.o
 .debug_abbrev  0x00001608       0xee CMakeFiles/temp_alert.dir/home/kishan/pico/pico-sdk/src/common/pico_sync/lock_core.c.o
 .debug_abbrev  0x000016f6      0x489 CMakeFiles/temp_alert.dir/home/kishan/pico/pico-sdk/src/common/pico_sync/mutex.c.o
 .debug_abbrev  0x00001b7f      0x672 CMakeFiles/temp_alert.dir/home/kishan/pico/pico-sdk/src/common/pico_time/time.c.o
 .debug_abbrev  0x000021f1      0x4f2 CMakeFiles/temp_alert.dir/home/kishan/pico/pico-sdk/src/rp2_common/hardware_timer/timer.c.o
 .debug_abbrev  0x000026e3      0x365 CMakeFiles/temp_alert.dir/home/kishan/pico/pico-sdk/src/rp2_common/hardware_uart/uart.c.o
 .debug_abbrev  0x00002a48      0x4f7 CMakeFiles/temp_alert.dir/home/kishan/pico/pico-sdk/src/rp2_common/hardware_clocks/clocks.c.o
 .debug_abbrev  0x00002f3f      0x1d2 CMakeFiles/temp_alert.dir/home/kishan/pico/pico-sdk/src/rp2_common/hardware_pll/pll.c.o